The system is: Linux - 5.10.233-224.894.amzn2.x86_64 - x86_64
Compiling the C compiler identification source file "CMakeCCompilerId.c" succeeded.
Compiler: /contrib/bin/gcc 
Build flags: 
Id flags:  

The output was:
0


Compilation of the C compiler identification source "CMakeCCompilerId.c" produced "a.out"

The C compiler identification is GNU, found in "/home/project/codasip_urisc_v/work/ia/llvm/build/CMakeFiles/3.21.4/CompilerIdC/a.out"

Compiling the CXX compiler identification source file "CMakeCXXCompilerId.cpp" succeeded.
Compiler: /contrib/bin/g++ 
Build flags: 
Id flags:  

The output was:
0


Compilation of the CXX compiler identification source "CMakeCXXCompilerId.cpp" produced "a.out"

The CXX compiler identification is GNU, found in "/home/project/codasip_urisc_v/work/ia/llvm/build/CMakeFiles/3.21.4/CompilerIdCXX/a.out"

Checking whether the ASM compiler is GNU using "--version" matched "(GNU assembler)|(GCC)|(Free Software Foundation)":
gcc (GCC) 7.4.0
Copyright (C) 2017 Free Software Foundation, Inc.
This is free software; see the source for copying conditions.  There is NO
warranty; not even for MERCHANTABILITY or FITNESS FOR A PARTICULAR PURPOSE.

Detecting C compiler ABI info compiled with the following output:
Change Dir: /home/project/codasip_urisc_v/work/ia/llvm/build/CMakeFiles/CMakeTmp

Run Build Command(s):/contrib/bin/ninja cmTC_63c49 && [1/2] Building C object CMakeFiles/cmTC_63c49.dir/CMakeCCompilerABI.c.o
Using built-in specs.
COLLECT_GCC=/contrib/bin/gcc
Target: x86_64-linux-gnu
Configured with: ../../extract/gcc-7.4.0.tar.gz/gcc-7.4.0/configure --prefix=/home/jenkins/workspace/mm/maintenance/Bootstrap_contrib/r/Deb10-test-1/codasip-studio/install/contrib --enable-languages=c,c++ --enable-shared --enable-threads=posix --enable-checking=release --disable-libunwind-exceptions --enable-gnu-unique-object --enable-lto --disable-multilib --with-tune=generic --enable-bootstrap --build=x86_64-linux-gnu --host=x86_64-linux-gnu --target=x86_64-linux-gnu
Thread model: posix
gcc version 7.4.0 (GCC) 
COLLECT_GCC_OPTIONS='-v' '-o' 'CMakeFiles/cmTC_63c49.dir/CMakeCCompilerABI.c.o' '-c' '-mtune=generic' '-march=x86-64'
 /contrib/bin/../libexec/gcc/x86_64-linux-gnu/7.4.0/cc1 -quiet -v -imultiarch x86_64-linux-gnu -iprefix /contrib/bin/../lib/gcc/x86_64-linux-gnu/7.4.0/ /contrib/share/cmake-3.21/Modules/CMakeCCompilerABI.c -quiet -dumpbase CMakeCCompilerABI.c -mtune=generic -march=x86-64 -auxbase-strip CMakeFiles/cmTC_63c49.dir/CMakeCCompilerABI.c.o -version -o /tmp/ccRrgGH7.s
GNU C11 (GCC) version 7.4.0 (x86_64-linux-gnu)
	compiled by GNU C version 7.4.0, GMP version 6.1.0, MPFR version 3.1.4, MPC version 1.0.3, isl version isl-0.16.1-GMP

GGC heuristics: --param ggc-min-expand=100 --param ggc-min-heapsize=131072
ignoring nonexistent directory "/contrib/bin/../lib/gcc/x86_64-linux-gnu/7.4.0/../../../../x86_64-linux-gnu/include"
ignoring duplicate directory "/contrib/bin/../lib/gcc/../../lib/gcc/x86_64-linux-gnu/7.4.0/include"
ignoring nonexistent directory "/usr/local/include/x86_64-linux-gnu"
ignoring duplicate directory "/contrib/bin/../lib/gcc/../../lib/gcc/x86_64-linux-gnu/7.4.0/include-fixed"
ignoring nonexistent directory "/contrib/bin/../lib/gcc/../../lib/gcc/x86_64-linux-gnu/7.4.0/../../../../x86_64-linux-gnu/include"
#include "..." search starts here:
#include <...> search starts here:
 /contrib/bin/../lib/gcc/x86_64-linux-gnu/7.4.0/include
 /contrib/bin/../lib/gcc/x86_64-linux-gnu/7.4.0/include-fixed
 /usr/local/include
 /contrib/bin/../lib/gcc/../../include
 /usr/include/x86_64-linux-gnu
 /usr/include
End of search list.
GNU C11 (GCC) version 7.4.0 (x86_64-linux-gnu)
	compiled by GNU C version 7.4.0, GMP version 6.1.0, MPFR version 3.1.4, MPC version 1.0.3, isl version isl-0.16.1-GMP

GGC heuristics: --param ggc-min-expand=100 --param ggc-min-heapsize=131072
Compiler executable checksum: 2aed716d692645ba3494900efcb791b1
COLLECT_GCC_OPTIONS='-v' '-o' 'CMakeFiles/cmTC_63c49.dir/CMakeCCompilerABI.c.o' '-c' '-mtune=generic' '-march=x86-64'
 /contrib/bin/../lib/gcc/x86_64-linux-gnu/7.4.0/../../../../x86_64-linux-gnu/bin/as -v --64 -o CMakeFiles/cmTC_63c49.dir/CMakeCCompilerABI.c.o /tmp/ccRrgGH7.s
GNU assembler version 2.37 (x86_64-linux-gnu) using BFD version (GNU Binutils) 2.37
COMPILER_PATH=/contrib/bin/../libexec/gcc/x86_64-linux-gnu/7.4.0/:/contrib/bin/../libexec/gcc/x86_64-linux-gnu/:/contrib/bin/../libexec/gcc/:/contrib/bin/../lib/gcc/x86_64-linux-gnu/7.4.0/../../../../x86_64-linux-gnu/bin/
LIBRARY_PATH=/contrib/bin/../lib/gcc/x86_64-linux-gnu/7.4.0/:/contrib/bin/../lib/gcc/x86_64-linux-gnu/:/contrib/bin/../lib/gcc/:/contrib/bin/../lib/gcc/x86_64-linux-gnu/7.4.0/../../../x86_64-linux-gnu/:/contrib/bin/../lib/gcc/x86_64-linux-gnu/7.4.0/../../../../lib64/:/lib/x86_64-linux-gnu/:/lib/../lib64/:/usr/lib/x86_64-linux-gnu/:/contrib/bin/../lib/gcc/x86_64-linux-gnu/7.4.0/../../../../x86_64-linux-gnu/lib/:/contrib/bin/../lib/gcc/x86_64-linux-gnu/7.4.0/../../../:/lib/:/usr/lib/
COLLECT_GCC_OPTIONS='-v' '-o' 'CMakeFiles/cmTC_63c49.dir/CMakeCCompilerABI.c.o' '-c' '-mtune=generic' '-march=x86-64'
[2/2] Linking C executable cmTC_63c49
Using built-in specs.
COLLECT_GCC=/contrib/bin/gcc
COLLECT_LTO_WRAPPER=/contrib/bin/../libexec/gcc/x86_64-linux-gnu/7.4.0/lto-wrapper
Target: x86_64-linux-gnu
Configured with: ../../extract/gcc-7.4.0.tar.gz/gcc-7.4.0/configure --prefix=/home/jenkins/workspace/mm/maintenance/Bootstrap_contrib/r/Deb10-test-1/codasip-studio/install/contrib --enable-languages=c,c++ --enable-shared --enable-threads=posix --enable-checking=release --disable-libunwind-exceptions --enable-gnu-unique-object --enable-lto --disable-multilib --with-tune=generic --enable-bootstrap --build=x86_64-linux-gnu --host=x86_64-linux-gnu --target=x86_64-linux-gnu
Thread model: posix
gcc version 7.4.0 (GCC) 
COMPILER_PATH=/contrib/bin/../libexec/gcc/x86_64-linux-gnu/7.4.0/:/contrib/bin/../libexec/gcc/x86_64-linux-gnu/:/contrib/bin/../libexec/gcc/:/contrib/bin/../lib/gcc/x86_64-linux-gnu/7.4.0/../../../../x86_64-linux-gnu/bin/
LIBRARY_PATH=/contrib/bin/../lib/gcc/x86_64-linux-gnu/7.4.0/:/contrib/bin/../lib/gcc/x86_64-linux-gnu/:/contrib/bin/../lib/gcc/:/contrib/bin/../lib/gcc/x86_64-linux-gnu/7.4.0/../../../x86_64-linux-gnu/:/contrib/bin/../lib/gcc/x86_64-linux-gnu/7.4.0/../../../../lib64/:/lib/x86_64-linux-gnu/:/lib/../lib64/:/usr/lib/x86_64-linux-gnu/:/contrib/bin/../lib/gcc/x86_64-linux-gnu/7.4.0/../../../../x86_64-linux-gnu/lib/:/contrib/bin/../lib/gcc/x86_64-linux-gnu/7.4.0/../../../:/lib/:/usr/lib/
COLLECT_GCC_OPTIONS='-static-libgcc' '-static-libstdc++' '-v' '-o' 'cmTC_63c49' '-mtune=generic' '-march=x86-64'
 /contrib/bin/../libexec/gcc/x86_64-linux-gnu/7.4.0/collect2 -plugin /contrib/bin/../libexec/gcc/x86_64-linux-gnu/7.4.0/liblto_plugin.so -plugin-opt=/contrib/bin/../libexec/gcc/x86_64-linux-gnu/7.4.0/lto-wrapper -plugin-opt=-fresolution=/tmp/ccvl01xb.res -plugin-opt=-pass-through=-lgcc -plugin-opt=-pass-through=-lgcc_eh -plugin-opt=-pass-through=-lc -plugin-opt=-pass-through=-lgcc -plugin-opt=-pass-through=-lgcc_eh --eh-frame-hdr -m elf_x86_64 -dynamic-linker /lib64/ld-linux-x86-64.so.2 -o cmTC_63c49 /usr/lib/x86_64-linux-gnu/crt1.o /usr/lib/x86_64-linux-gnu/crti.o /contrib/bin/../lib/gcc/x86_64-linux-gnu/7.4.0/crtbegin.o -L/contrib/bin/../lib/gcc/x86_64-linux-gnu/7.4.0 -L/contrib/bin/../lib/gcc/x86_64-linux-gnu -L/contrib/bin/../lib/gcc -L/contrib/bin/../lib/gcc/x86_64-linux-gnu/7.4.0/../../../x86_64-linux-gnu -L/contrib/bin/../lib/gcc/x86_64-linux-gnu/7.4.0/../../../../lib64 -L/lib/x86_64-linux-gnu -L/lib/../lib64 -L/usr/lib/x86_64-linux-gnu -L/contrib/bin/../lib/gcc/x86_64-linux-gnu/7.4.0/../../../../x86_64-linux-gnu/lib -L/contrib/bin/../lib/gcc/x86_64-linux-gnu/7.4.0/../../.. CMakeFiles/cmTC_63c49.dir/CMakeCCompilerABI.c.o -lgcc -lgcc_eh -lc -lgcc -lgcc_eh /contrib/bin/../lib/gcc/x86_64-linux-gnu/7.4.0/crtend.o /usr/lib/x86_64-linux-gnu/crtn.o
COLLECT_GCC_OPTIONS='-static-libgcc' '-static-libstdc++' '-v' '-o' 'cmTC_63c49' '-mtune=generic' '-march=x86-64'



Parsed C implicit include dir info from above output: rv=done
  found start of include info
  found start of implicit include info
    add: [/contrib/bin/../lib/gcc/x86_64-linux-gnu/7.4.0/include]
    add: [/contrib/bin/../lib/gcc/x86_64-linux-gnu/7.4.0/include-fixed]
    add: [/usr/local/include]
    add: [/contrib/bin/../lib/gcc/../../include]
    add: [/usr/include/x86_64-linux-gnu]
    add: [/usr/include]
  end of search list found
  collapse include dir [/contrib/bin/../lib/gcc/x86_64-linux-gnu/7.4.0/include] ==> [/contrib/lib/gcc/x86_64-linux-gnu/7.4.0/include]
  collapse include dir [/contrib/bin/../lib/gcc/x86_64-linux-gnu/7.4.0/include-fixed] ==> [/contrib/lib/gcc/x86_64-linux-gnu/7.4.0/include-fixed]
  collapse include dir [/usr/local/include] ==> [/usr/local/include]
  collapse include dir [/contrib/bin/../lib/gcc/../../include] ==> [/contrib/include]
  collapse include dir [/usr/include/x86_64-linux-gnu] ==> [/usr/include/x86_64-linux-gnu]
  collapse include dir [/usr/include] ==> [/usr/include]
  implicit include dirs: [/contrib/lib/gcc/x86_64-linux-gnu/7.4.0/include;/contrib/lib/gcc/x86_64-linux-gnu/7.4.0/include-fixed;/usr/local/include;/contrib/include;/usr/include/x86_64-linux-gnu;/usr/include]


Parsed C implicit link information from above output:
  link line regex: [^( *|.*[/\])(ld|CMAKE_LINK_STARTFILE-NOTFOUND|([^/\]+-)?ld|collect2)[^/\]*( |$)]
  ignore line: [Change Dir: /home/project/codasip_urisc_v/work/ia/llvm/build/CMakeFiles/CMakeTmp]
  ignore line: []
  ignore line: [Run Build Command(s):/contrib/bin/ninja cmTC_63c49 && [1/2] Building C object CMakeFiles/cmTC_63c49.dir/CMakeCCompilerABI.c.o]
  ignore line: [Using built-in specs.]
  ignore line: [COLLECT_GCC=/contrib/bin/gcc]
  ignore line: [Target: x86_64-linux-gnu]
  ignore line: [Configured with: ../../extract/gcc-7.4.0.tar.gz/gcc-7.4.0/configure --prefix=/home/jenkins/workspace/mm/maintenance/Bootstrap_contrib/r/Deb10-test-1/codasip-studio/install/contrib --enable-languages=c c++ --enable-shared --enable-threads=posix --enable-checking=release --disable-libunwind-exceptions --enable-gnu-unique-object --enable-lto --disable-multilib --with-tune=generic --enable-bootstrap --build=x86_64-linux-gnu --host=x86_64-linux-gnu --target=x86_64-linux-gnu]
  ignore line: [Thread model: posix]
  ignore line: [gcc version 7.4.0 (GCC) ]
  ignore line: [COLLECT_GCC_OPTIONS='-v' '-o' 'CMakeFiles/cmTC_63c49.dir/CMakeCCompilerABI.c.o' '-c' '-mtune=generic' '-march=x86-64']
  ignore line: [ /contrib/bin/../libexec/gcc/x86_64-linux-gnu/7.4.0/cc1 -quiet -v -imultiarch x86_64-linux-gnu -iprefix /contrib/bin/../lib/gcc/x86_64-linux-gnu/7.4.0/ /contrib/share/cmake-3.21/Modules/CMakeCCompilerABI.c -quiet -dumpbase CMakeCCompilerABI.c -mtune=generic -march=x86-64 -auxbase-strip CMakeFiles/cmTC_63c49.dir/CMakeCCompilerABI.c.o -version -o /tmp/ccRrgGH7.s]
  ignore line: [GNU C11 (GCC) version 7.4.0 (x86_64-linux-gnu)]
  ignore line: [	compiled by GNU C version 7.4.0  GMP version 6.1.0  MPFR version 3.1.4  MPC version 1.0.3  isl version isl-0.16.1-GMP]
  ignore line: []
  ignore line: [GGC heuristics: --param ggc-min-expand=100 --param ggc-min-heapsize=131072]
  ignore line: [ignoring nonexistent directory "/contrib/bin/../lib/gcc/x86_64-linux-gnu/7.4.0/../../../../x86_64-linux-gnu/include"]
  ignore line: [ignoring duplicate directory "/contrib/bin/../lib/gcc/../../lib/gcc/x86_64-linux-gnu/7.4.0/include"]
  ignore line: [ignoring nonexistent directory "/usr/local/include/x86_64-linux-gnu"]
  ignore line: [ignoring duplicate directory "/contrib/bin/../lib/gcc/../../lib/gcc/x86_64-linux-gnu/7.4.0/include-fixed"]
  ignore line: [ignoring nonexistent directory "/contrib/bin/../lib/gcc/../../lib/gcc/x86_64-linux-gnu/7.4.0/../../../../x86_64-linux-gnu/include"]
  ignore line: [#include "..." search starts here:]
  ignore line: [#include <...> search starts here:]
  ignore line: [ /contrib/bin/../lib/gcc/x86_64-linux-gnu/7.4.0/include]
  ignore line: [ /contrib/bin/../lib/gcc/x86_64-linux-gnu/7.4.0/include-fixed]
  ignore line: [ /usr/local/include]
  ignore line: [ /contrib/bin/../lib/gcc/../../include]
  ignore line: [ /usr/include/x86_64-linux-gnu]
  ignore line: [ /usr/include]
  ignore line: [End of search list.]
  ignore line: [GNU C11 (GCC) version 7.4.0 (x86_64-linux-gnu)]
  ignore line: [	compiled by GNU C version 7.4.0  GMP version 6.1.0  MPFR version 3.1.4  MPC version 1.0.3  isl version isl-0.16.1-GMP]
  ignore line: []
  ignore line: [GGC heuristics: --param ggc-min-expand=100 --param ggc-min-heapsize=131072]
  ignore line: [Compiler executable checksum: 2aed716d692645ba3494900efcb791b1]
  ignore line: [COLLECT_GCC_OPTIONS='-v' '-o' 'CMakeFiles/cmTC_63c49.dir/CMakeCCompilerABI.c.o' '-c' '-mtune=generic' '-march=x86-64']
  ignore line: [ /contrib/bin/../lib/gcc/x86_64-linux-gnu/7.4.0/../../../../x86_64-linux-gnu/bin/as -v --64 -o CMakeFiles/cmTC_63c49.dir/CMakeCCompilerABI.c.o /tmp/ccRrgGH7.s]
  ignore line: [GNU assembler version 2.37 (x86_64-linux-gnu) using BFD version (GNU Binutils) 2.37]
  ignore line: [COMPILER_PATH=/contrib/bin/../libexec/gcc/x86_64-linux-gnu/7.4.0/:/contrib/bin/../libexec/gcc/x86_64-linux-gnu/:/contrib/bin/../libexec/gcc/:/contrib/bin/../lib/gcc/x86_64-linux-gnu/7.4.0/../../../../x86_64-linux-gnu/bin/]
  ignore line: [LIBRARY_PATH=/contrib/bin/../lib/gcc/x86_64-linux-gnu/7.4.0/:/contrib/bin/../lib/gcc/x86_64-linux-gnu/:/contrib/bin/../lib/gcc/:/contrib/bin/../lib/gcc/x86_64-linux-gnu/7.4.0/../../../x86_64-linux-gnu/:/contrib/bin/../lib/gcc/x86_64-linux-gnu/7.4.0/../../../../lib64/:/lib/x86_64-linux-gnu/:/lib/../lib64/:/usr/lib/x86_64-linux-gnu/:/contrib/bin/../lib/gcc/x86_64-linux-gnu/7.4.0/../../../../x86_64-linux-gnu/lib/:/contrib/bin/../lib/gcc/x86_64-linux-gnu/7.4.0/../../../:/lib/:/usr/lib/]
  ignore line: [COLLECT_GCC_OPTIONS='-v' '-o' 'CMakeFiles/cmTC_63c49.dir/CMakeCCompilerABI.c.o' '-c' '-mtune=generic' '-march=x86-64']
  ignore line: [[2/2] Linking C executable cmTC_63c49]
  ignore line: [Using built-in specs.]
  ignore line: [COLLECT_GCC=/contrib/bin/gcc]
  ignore line: [COLLECT_LTO_WRAPPER=/contrib/bin/../libexec/gcc/x86_64-linux-gnu/7.4.0/lto-wrapper]
  ignore line: [Target: x86_64-linux-gnu]
  ignore line: [Configured with: ../../extract/gcc-7.4.0.tar.gz/gcc-7.4.0/configure --prefix=/home/jenkins/workspace/mm/maintenance/Bootstrap_contrib/r/Deb10-test-1/codasip-studio/install/contrib --enable-languages=c c++ --enable-shared --enable-threads=posix --enable-checking=release --disable-libunwind-exceptions --enable-gnu-unique-object --enable-lto --disable-multilib --with-tune=generic --enable-bootstrap --build=x86_64-linux-gnu --host=x86_64-linux-gnu --target=x86_64-linux-gnu]
  ignore line: [Thread model: posix]
  ignore line: [gcc version 7.4.0 (GCC) ]
  ignore line: [COMPILER_PATH=/contrib/bin/../libexec/gcc/x86_64-linux-gnu/7.4.0/:/contrib/bin/../libexec/gcc/x86_64-linux-gnu/:/contrib/bin/../libexec/gcc/:/contrib/bin/../lib/gcc/x86_64-linux-gnu/7.4.0/../../../../x86_64-linux-gnu/bin/]
  ignore line: [LIBRARY_PATH=/contrib/bin/../lib/gcc/x86_64-linux-gnu/7.4.0/:/contrib/bin/../lib/gcc/x86_64-linux-gnu/:/contrib/bin/../lib/gcc/:/contrib/bin/../lib/gcc/x86_64-linux-gnu/7.4.0/../../../x86_64-linux-gnu/:/contrib/bin/../lib/gcc/x86_64-linux-gnu/7.4.0/../../../../lib64/:/lib/x86_64-linux-gnu/:/lib/../lib64/:/usr/lib/x86_64-linux-gnu/:/contrib/bin/../lib/gcc/x86_64-linux-gnu/7.4.0/../../../../x86_64-linux-gnu/lib/:/contrib/bin/../lib/gcc/x86_64-linux-gnu/7.4.0/../../../:/lib/:/usr/lib/]
  ignore line: [COLLECT_GCC_OPTIONS='-static-libgcc' '-static-libstdc++' '-v' '-o' 'cmTC_63c49' '-mtune=generic' '-march=x86-64']
  link line: [ /contrib/bin/../libexec/gcc/x86_64-linux-gnu/7.4.0/collect2 -plugin /contrib/bin/../libexec/gcc/x86_64-linux-gnu/7.4.0/liblto_plugin.so -plugin-opt=/contrib/bin/../libexec/gcc/x86_64-linux-gnu/7.4.0/lto-wrapper -plugin-opt=-fresolution=/tmp/ccvl01xb.res -plugin-opt=-pass-through=-lgcc -plugin-opt=-pass-through=-lgcc_eh -plugin-opt=-pass-through=-lc -plugin-opt=-pass-through=-lgcc -plugin-opt=-pass-through=-lgcc_eh --eh-frame-hdr -m elf_x86_64 -dynamic-linker /lib64/ld-linux-x86-64.so.2 -o cmTC_63c49 /usr/lib/x86_64-linux-gnu/crt1.o /usr/lib/x86_64-linux-gnu/crti.o /contrib/bin/../lib/gcc/x86_64-linux-gnu/7.4.0/crtbegin.o -L/contrib/bin/../lib/gcc/x86_64-linux-gnu/7.4.0 -L/contrib/bin/../lib/gcc/x86_64-linux-gnu -L/contrib/bin/../lib/gcc -L/contrib/bin/../lib/gcc/x86_64-linux-gnu/7.4.0/../../../x86_64-linux-gnu -L/contrib/bin/../lib/gcc/x86_64-linux-gnu/7.4.0/../../../../lib64 -L/lib/x86_64-linux-gnu -L/lib/../lib64 -L/usr/lib/x86_64-linux-gnu -L/contrib/bin/../lib/gcc/x86_64-linux-gnu/7.4.0/../../../../x86_64-linux-gnu/lib -L/contrib/bin/../lib/gcc/x86_64-linux-gnu/7.4.0/../../.. CMakeFiles/cmTC_63c49.dir/CMakeCCompilerABI.c.o -lgcc -lgcc_eh -lc -lgcc -lgcc_eh /contrib/bin/../lib/gcc/x86_64-linux-gnu/7.4.0/crtend.o /usr/lib/x86_64-linux-gnu/crtn.o]
    arg [/contrib/bin/../libexec/gcc/x86_64-linux-gnu/7.4.0/collect2] ==> ignore
    arg [-plugin] ==> ignore
    arg [/contrib/bin/../libexec/gcc/x86_64-linux-gnu/7.4.0/liblto_plugin.so] ==> ignore
    arg [-plugin-opt=/contrib/bin/../libexec/gcc/x86_64-linux-gnu/7.4.0/lto-wrapper] ==> ignore
    arg [-plugin-opt=-fresolution=/tmp/ccvl01xb.res] ==> ignore
    arg [-plugin-opt=-pass-through=-lgcc] ==> ignore
    arg [-plugin-opt=-pass-through=-lgcc_eh] ==> ignore
    arg [-plugin-opt=-pass-through=-lc] ==> ignore
    arg [-plugin-opt=-pass-through=-lgcc] ==> ignore
    arg [-plugin-opt=-pass-through=-lgcc_eh] ==> ignore
    arg [--eh-frame-hdr] ==> ignore
    arg [-m] ==> ignore
    arg [elf_x86_64] ==> ignore
    arg [-dynamic-linker] ==> ignore
    arg [/lib64/ld-linux-x86-64.so.2] ==> ignore
    arg [-o] ==> ignore
    arg [cmTC_63c49] ==> ignore
    arg [/usr/lib/x86_64-linux-gnu/crt1.o] ==> obj [/usr/lib/x86_64-linux-gnu/crt1.o]
    arg [/usr/lib/x86_64-linux-gnu/crti.o] ==> obj [/usr/lib/x86_64-linux-gnu/crti.o]
    arg [/contrib/bin/../lib/gcc/x86_64-linux-gnu/7.4.0/crtbegin.o] ==> obj [/contrib/bin/../lib/gcc/x86_64-linux-gnu/7.4.0/crtbegin.o]
    arg [-L/contrib/bin/../lib/gcc/x86_64-linux-gnu/7.4.0] ==> dir [/contrib/bin/../lib/gcc/x86_64-linux-gnu/7.4.0]
    arg [-L/contrib/bin/../lib/gcc/x86_64-linux-gnu] ==> dir [/contrib/bin/../lib/gcc/x86_64-linux-gnu]
    arg [-L/contrib/bin/../lib/gcc] ==> dir [/contrib/bin/../lib/gcc]
    arg [-L/contrib/bin/../lib/gcc/x86_64-linux-gnu/7.4.0/../../../x86_64-linux-gnu] ==> dir [/contrib/bin/../lib/gcc/x86_64-linux-gnu/7.4.0/../../../x86_64-linux-gnu]
    arg [-L/contrib/bin/../lib/gcc/x86_64-linux-gnu/7.4.0/../../../../lib64] ==> dir [/contrib/bin/../lib/gcc/x86_64-linux-gnu/7.4.0/../../../../lib64]
    arg [-L/lib/x86_64-linux-gnu] ==> dir [/lib/x86_64-linux-gnu]
    arg [-L/lib/../lib64] ==> dir [/lib/../lib64]
    arg [-L/usr/lib/x86_64-linux-gnu] ==> dir [/usr/lib/x86_64-linux-gnu]
    arg [-L/contrib/bin/../lib/gcc/x86_64-linux-gnu/7.4.0/../../../../x86_64-linux-gnu/lib] ==> dir [/contrib/bin/../lib/gcc/x86_64-linux-gnu/7.4.0/../../../../x86_64-linux-gnu/lib]
    arg [-L/contrib/bin/../lib/gcc/x86_64-linux-gnu/7.4.0/../../..] ==> dir [/contrib/bin/../lib/gcc/x86_64-linux-gnu/7.4.0/../../..]
    arg [CMakeFiles/cmTC_63c49.dir/CMakeCCompilerABI.c.o] ==> ignore
    arg [-lgcc] ==> lib [gcc]
    arg [-lgcc_eh] ==> lib [gcc_eh]
    arg [-lc] ==> lib [c]
    arg [-lgcc] ==> lib [gcc]
    arg [-lgcc_eh] ==> lib [gcc_eh]
    arg [/contrib/bin/../lib/gcc/x86_64-linux-gnu/7.4.0/crtend.o] ==> obj [/contrib/bin/../lib/gcc/x86_64-linux-gnu/7.4.0/crtend.o]
    arg [/usr/lib/x86_64-linux-gnu/crtn.o] ==> obj [/usr/lib/x86_64-linux-gnu/crtn.o]
  remove lib [gcc_eh]
  remove lib [gcc_eh]
  collapse obj [/contrib/bin/../lib/gcc/x86_64-linux-gnu/7.4.0/crtbegin.o] ==> [/contrib/lib/gcc/x86_64-linux-gnu/7.4.0/crtbegin.o]
  collapse obj [/contrib/bin/../lib/gcc/x86_64-linux-gnu/7.4.0/crtend.o] ==> [/contrib/lib/gcc/x86_64-linux-gnu/7.4.0/crtend.o]
  collapse library dir [/contrib/bin/../lib/gcc/x86_64-linux-gnu/7.4.0] ==> [/contrib/lib/gcc/x86_64-linux-gnu/7.4.0]
  collapse library dir [/contrib/bin/../lib/gcc/x86_64-linux-gnu] ==> [/contrib/lib/gcc/x86_64-linux-gnu]
  collapse library dir [/contrib/bin/../lib/gcc] ==> [/contrib/lib/gcc]
  collapse library dir [/contrib/bin/../lib/gcc/x86_64-linux-gnu/7.4.0/../../../x86_64-linux-gnu] ==> [/contrib/lib/x86_64-linux-gnu]
  collapse library dir [/contrib/bin/../lib/gcc/x86_64-linux-gnu/7.4.0/../../../../lib64] ==> [/contrib/lib64]
  collapse library dir [/lib/x86_64-linux-gnu] ==> [/lib/x86_64-linux-gnu]
  collapse library dir [/lib/../lib64] ==> [/lib64]
  collapse library dir [/usr/lib/x86_64-linux-gnu] ==> [/usr/lib/x86_64-linux-gnu]
  collapse library dir [/contrib/bin/../lib/gcc/x86_64-linux-gnu/7.4.0/../../../../x86_64-linux-gnu/lib] ==> [/contrib/x86_64-linux-gnu/lib]
  collapse library dir [/contrib/bin/../lib/gcc/x86_64-linux-gnu/7.4.0/../../..] ==> [/contrib/lib]
  implicit libs: [gcc;c;gcc]
  implicit objs: [/usr/lib/x86_64-linux-gnu/crt1.o;/usr/lib/x86_64-linux-gnu/crti.o;/contrib/lib/gcc/x86_64-linux-gnu/7.4.0/crtbegin.o;/contrib/lib/gcc/x86_64-linux-gnu/7.4.0/crtend.o;/usr/lib/x86_64-linux-gnu/crtn.o]
  implicit dirs: [/contrib/lib/gcc/x86_64-linux-gnu/7.4.0;/contrib/lib/gcc/x86_64-linux-gnu;/contrib/lib/gcc;/contrib/lib/x86_64-linux-gnu;/contrib/lib64;/lib/x86_64-linux-gnu;/lib64;/usr/lib/x86_64-linux-gnu;/contrib/x86_64-linux-gnu/lib;/contrib/lib]
  implicit fwks: []


Detecting CXX compiler ABI info compiled with the following output:
Change Dir: /home/project/codasip_urisc_v/work/ia/llvm/build/CMakeFiles/CMakeTmp

Run Build Command(s):/contrib/bin/ninja cmTC_7c707 && [1/2] Building CXX object CMakeFiles/cmTC_7c707.dir/CMakeCXXCompilerABI.cpp.o
Using built-in specs.
COLLECT_GCC=/contrib/bin/g++
Target: x86_64-linux-gnu
Configured with: ../../extract/gcc-7.4.0.tar.gz/gcc-7.4.0/configure --prefix=/home/jenkins/workspace/mm/maintenance/Bootstrap_contrib/r/Deb10-test-1/codasip-studio/install/contrib --enable-languages=c,c++ --enable-shared --enable-threads=posix --enable-checking=release --disable-libunwind-exceptions --enable-gnu-unique-object --enable-lto --disable-multilib --with-tune=generic --enable-bootstrap --build=x86_64-linux-gnu --host=x86_64-linux-gnu --target=x86_64-linux-gnu
Thread model: posix
gcc version 7.4.0 (GCC) 
COLLECT_GCC_OPTIONS='-I' '/tools/include' '-include' '/home/project/codasip_urisc_v/work/codasip_urisc_v_options.hcodal' '-v' '-o' 'CMakeFiles/cmTC_7c707.dir/CMakeCXXCompilerABI.cpp.o' '-c' '-shared-libgcc' '-mtune=generic' '-march=x86-64'
 /contrib/bin/../libexec/gcc/x86_64-linux-gnu/7.4.0/cc1plus -quiet -v -I /tools/include -imultiarch x86_64-linux-gnu -iprefix /contrib/bin/../lib/gcc/x86_64-linux-gnu/7.4.0/ -D_GNU_SOURCE -include /home/project/codasip_urisc_v/work/codasip_urisc_v_options.hcodal /contrib/share/cmake-3.21/Modules/CMakeCXXCompilerABI.cpp -quiet -dumpbase CMakeCXXCompilerABI.cpp -mtune=generic -march=x86-64 -auxbase-strip CMakeFiles/cmTC_7c707.dir/CMakeCXXCompilerABI.cpp.o -version -o /tmp/ccbZrKwd.s
GNU C++14 (GCC) version 7.4.0 (x86_64-linux-gnu)
	compiled by GNU C version 7.4.0, GMP version 6.1.0, MPFR version 3.1.4, MPC version 1.0.3, isl version isl-0.16.1-GMP

GGC heuristics: --param ggc-min-expand=100 --param ggc-min-heapsize=131072
ignoring nonexistent directory "/contrib/bin/../lib/gcc/x86_64-linux-gnu/7.4.0/../../../../x86_64-linux-gnu/include"
ignoring duplicate directory "/contrib/bin/../lib/gcc/../../lib/gcc/x86_64-linux-gnu/7.4.0/../../../../include/c++/7.4.0"
ignoring duplicate directory "/contrib/bin/../lib/gcc/../../lib/gcc/x86_64-linux-gnu/7.4.0/../../../../include/c++/7.4.0/x86_64-linux-gnu"
ignoring duplicate directory "/contrib/bin/../lib/gcc/../../lib/gcc/x86_64-linux-gnu/7.4.0/../../../../include/c++/7.4.0/backward"
ignoring duplicate directory "/contrib/bin/../lib/gcc/../../lib/gcc/x86_64-linux-gnu/7.4.0/include"
ignoring nonexistent directory "/usr/local/include/x86_64-linux-gnu"
ignoring duplicate directory "/contrib/bin/../lib/gcc/../../lib/gcc/x86_64-linux-gnu/7.4.0/include-fixed"
ignoring nonexistent directory "/contrib/bin/../lib/gcc/../../lib/gcc/x86_64-linux-gnu/7.4.0/../../../../x86_64-linux-gnu/include"
#include "..." search starts here:
#include <...> search starts here:
 /tools/include
 /contrib/bin/../lib/gcc/x86_64-linux-gnu/7.4.0/../../../../include/c++/7.4.0
 /contrib/bin/../lib/gcc/x86_64-linux-gnu/7.4.0/../../../../include/c++/7.4.0/x86_64-linux-gnu
 /contrib/bin/../lib/gcc/x86_64-linux-gnu/7.4.0/../../../../include/c++/7.4.0/backward
 /contrib/bin/../lib/gcc/x86_64-linux-gnu/7.4.0/include
 /contrib/bin/../lib/gcc/x86_64-linux-gnu/7.4.0/include-fixed
 /usr/local/include
 /contrib/bin/../lib/gcc/../../include
 /usr/include/x86_64-linux-gnu
 /usr/include
End of search list.
GNU C++14 (GCC) version 7.4.0 (x86_64-linux-gnu)
	compiled by GNU C version 7.4.0, GMP version 6.1.0, MPFR version 3.1.4, MPC version 1.0.3, isl version isl-0.16.1-GMP

GGC heuristics: --param ggc-min-expand=100 --param ggc-min-heapsize=131072
Compiler executable checksum: 6563b3fff28f939837295838ba289bdd
COLLECT_GCC_OPTIONS='-I' '/tools/include' '-include' '/home/project/codasip_urisc_v/work/codasip_urisc_v_options.hcodal' '-v' '-o' 'CMakeFiles/cmTC_7c707.dir/CMakeCXXCompilerABI.cpp.o' '-c' '-shared-libgcc' '-mtune=generic' '-march=x86-64'
 /contrib/bin/../lib/gcc/x86_64-linux-gnu/7.4.0/../../../../x86_64-linux-gnu/bin/as -v -I /tools/include --64 -o CMakeFiles/cmTC_7c707.dir/CMakeCXXCompilerABI.cpp.o /tmp/ccbZrKwd.s
GNU assembler version 2.37 (x86_64-linux-gnu) using BFD version (GNU Binutils) 2.37
COMPILER_PATH=/contrib/bin/../libexec/gcc/x86_64-linux-gnu/7.4.0/:/contrib/bin/../libexec/gcc/x86_64-linux-gnu/:/contrib/bin/../libexec/gcc/:/contrib/bin/../lib/gcc/x86_64-linux-gnu/7.4.0/../../../../x86_64-linux-gnu/bin/
LIBRARY_PATH=/contrib/bin/../lib/gcc/x86_64-linux-gnu/7.4.0/:/contrib/bin/../lib/gcc/x86_64-linux-gnu/:/contrib/bin/../lib/gcc/:/contrib/bin/../lib/gcc/x86_64-linux-gnu/7.4.0/../../../x86_64-linux-gnu/:/contrib/bin/../lib/gcc/x86_64-linux-gnu/7.4.0/../../../../lib64/:/lib/x86_64-linux-gnu/:/lib/../lib64/:/usr/lib/x86_64-linux-gnu/:/contrib/bin/../lib/gcc/x86_64-linux-gnu/7.4.0/../../../../x86_64-linux-gnu/lib/:/contrib/bin/../lib/gcc/x86_64-linux-gnu/7.4.0/../../../:/lib/:/usr/lib/
COLLECT_GCC_OPTIONS='-I' '/tools/include' '-include' '/home/project/codasip_urisc_v/work/codasip_urisc_v_options.hcodal' '-v' '-o' 'CMakeFiles/cmTC_7c707.dir/CMakeCXXCompilerABI.cpp.o' '-c' '-shared-libgcc' '-mtune=generic' '-march=x86-64'
[2/2] Linking CXX executable cmTC_7c707
Using built-in specs.
COLLECT_GCC=/contrib/bin/g++
COLLECT_LTO_WRAPPER=/contrib/bin/../libexec/gcc/x86_64-linux-gnu/7.4.0/lto-wrapper
Target: x86_64-linux-gnu
Configured with: ../../extract/gcc-7.4.0.tar.gz/gcc-7.4.0/configure --prefix=/home/jenkins/workspace/mm/maintenance/Bootstrap_contrib/r/Deb10-test-1/codasip-studio/install/contrib --enable-languages=c,c++ --enable-shared --enable-threads=posix --enable-checking=release --disable-libunwind-exceptions --enable-gnu-unique-object --enable-lto --disable-multilib --with-tune=generic --enable-bootstrap --build=x86_64-linux-gnu --host=x86_64-linux-gnu --target=x86_64-linux-gnu
Thread model: posix
gcc version 7.4.0 (GCC) 
COMPILER_PATH=/contrib/bin/../libexec/gcc/x86_64-linux-gnu/7.4.0/:/contrib/bin/../libexec/gcc/x86_64-linux-gnu/:/contrib/bin/../libexec/gcc/:/contrib/bin/../lib/gcc/x86_64-linux-gnu/7.4.0/../../../../x86_64-linux-gnu/bin/
LIBRARY_PATH=/contrib/bin/../lib/gcc/x86_64-linux-gnu/7.4.0/:/contrib/bin/../lib/gcc/x86_64-linux-gnu/:/contrib/bin/../lib/gcc/:/contrib/bin/../lib/gcc/x86_64-linux-gnu/7.4.0/../../../x86_64-linux-gnu/:/contrib/bin/../lib/gcc/x86_64-linux-gnu/7.4.0/../../../../lib64/:/lib/x86_64-linux-gnu/:/lib/../lib64/:/usr/lib/x86_64-linux-gnu/:/contrib/bin/../lib/gcc/x86_64-linux-gnu/7.4.0/../../../../x86_64-linux-gnu/lib/:/contrib/bin/../lib/gcc/x86_64-linux-gnu/7.4.0/../../../:/lib/:/usr/lib/
COLLECT_GCC_OPTIONS='-I' '/tools/include' '-include' '/home/project/codasip_urisc_v/work/codasip_urisc_v_options.hcodal' '-static-libgcc' '-v' '-o' 'cmTC_7c707' '-mtune=generic' '-march=x86-64'
 /contrib/bin/../libexec/gcc/x86_64-linux-gnu/7.4.0/collect2 -plugin /contrib/bin/../libexec/gcc/x86_64-linux-gnu/7.4.0/liblto_plugin.so -plugin-opt=/contrib/bin/../libexec/gcc/x86_64-linux-gnu/7.4.0/lto-wrapper -plugin-opt=-fresolution=/tmp/ccz6wojh.res -plugin-opt=-pass-through=-lgcc -plugin-opt=-pass-through=-lgcc_eh -plugin-opt=-pass-through=-lc -plugin-opt=-pass-through=-lgcc -plugin-opt=-pass-through=-lgcc_eh --eh-frame-hdr -m elf_x86_64 -dynamic-linker /lib64/ld-linux-x86-64.so.2 -o cmTC_7c707 /usr/lib/x86_64-linux-gnu/crt1.o /usr/lib/x86_64-linux-gnu/crti.o /contrib/bin/../lib/gcc/x86_64-linux-gnu/7.4.0/crtbegin.o -L/contrib/bin/../lib/gcc/x86_64-linux-gnu/7.4.0 -L/contrib/bin/../lib/gcc/x86_64-linux-gnu -L/contrib/bin/../lib/gcc -L/contrib/bin/../lib/gcc/x86_64-linux-gnu/7.4.0/../../../x86_64-linux-gnu -L/contrib/bin/../lib/gcc/x86_64-linux-gnu/7.4.0/../../../../lib64 -L/lib/x86_64-linux-gnu -L/lib/../lib64 -L/usr/lib/x86_64-linux-gnu -L/contrib/bin/../lib/gcc/x86_64-linux-gnu/7.4.0/../../../../x86_64-linux-gnu/lib -L/contrib/bin/../lib/gcc/x86_64-linux-gnu/7.4.0/../../.. CMakeFiles/cmTC_7c707.dir/CMakeCXXCompilerABI.cpp.o -Bstatic -lstdc++ -Bdynamic -lm -lgcc -lgcc_eh -lc -lgcc -lgcc_eh /contrib/bin/../lib/gcc/x86_64-linux-gnu/7.4.0/crtend.o /usr/lib/x86_64-linux-gnu/crtn.o
COLLECT_GCC_OPTIONS='-I' '/tools/include' '-include' '/home/project/codasip_urisc_v/work/codasip_urisc_v_options.hcodal' '-static-libgcc' '-v' '-o' 'cmTC_7c707' '-mtune=generic' '-march=x86-64'



Parsed CXX implicit include dir info from above output: rv=done
  found start of include info
  found start of implicit include info
    add: [/tools/include]
    add: [/contrib/bin/../lib/gcc/x86_64-linux-gnu/7.4.0/../../../../include/c++/7.4.0]
    add: [/contrib/bin/../lib/gcc/x86_64-linux-gnu/7.4.0/../../../../include/c++/7.4.0/x86_64-linux-gnu]
    add: [/contrib/bin/../lib/gcc/x86_64-linux-gnu/7.4.0/../../../../include/c++/7.4.0/backward]
    add: [/contrib/bin/../lib/gcc/x86_64-linux-gnu/7.4.0/include]
    add: [/contrib/bin/../lib/gcc/x86_64-linux-gnu/7.4.0/include-fixed]
    add: [/usr/local/include]
    add: [/contrib/bin/../lib/gcc/../../include]
    add: [/usr/include/x86_64-linux-gnu]
    add: [/usr/include]
  end of search list found
  collapse include dir [/tools/include] ==> [/tools/include]
  collapse include dir [/contrib/bin/../lib/gcc/x86_64-linux-gnu/7.4.0/../../../../include/c++/7.4.0] ==> [/contrib/include/c++/7.4.0]
  collapse include dir [/contrib/bin/../lib/gcc/x86_64-linux-gnu/7.4.0/../../../../include/c++/7.4.0/x86_64-linux-gnu] ==> [/contrib/include/c++/7.4.0/x86_64-linux-gnu]
  collapse include dir [/contrib/bin/../lib/gcc/x86_64-linux-gnu/7.4.0/../../../../include/c++/7.4.0/backward] ==> [/contrib/include/c++/7.4.0/backward]
  collapse include dir [/contrib/bin/../lib/gcc/x86_64-linux-gnu/7.4.0/include] ==> [/contrib/lib/gcc/x86_64-linux-gnu/7.4.0/include]
  collapse include dir [/contrib/bin/../lib/gcc/x86_64-linux-gnu/7.4.0/include-fixed] ==> [/contrib/lib/gcc/x86_64-linux-gnu/7.4.0/include-fixed]
  collapse include dir [/usr/local/include] ==> [/usr/local/include]
  collapse include dir [/contrib/bin/../lib/gcc/../../include] ==> [/contrib/include]
  collapse include dir [/usr/include/x86_64-linux-gnu] ==> [/usr/include/x86_64-linux-gnu]
  collapse include dir [/usr/include] ==> [/usr/include]
  implicit include dirs: [/tools/include;/contrib/include/c++/7.4.0;/contrib/include/c++/7.4.0/x86_64-linux-gnu;/contrib/include/c++/7.4.0/backward;/contrib/lib/gcc/x86_64-linux-gnu/7.4.0/include;/contrib/lib/gcc/x86_64-linux-gnu/7.4.0/include-fixed;/usr/local/include;/contrib/include;/usr/include/x86_64-linux-gnu;/usr/include]


Parsed CXX implicit link information from above output:
  link line regex: [^( *|.*[/\])(ld|CMAKE_LINK_STARTFILE-NOTFOUND|([^/\]+-)?ld|collect2)[^/\]*( |$)]
  ignore line: [Change Dir: /home/project/codasip_urisc_v/work/ia/llvm/build/CMakeFiles/CMakeTmp]
  ignore line: []
  ignore line: [Run Build Command(s):/contrib/bin/ninja cmTC_7c707 && [1/2] Building CXX object CMakeFiles/cmTC_7c707.dir/CMakeCXXCompilerABI.cpp.o]
  ignore line: [Using built-in specs.]
  ignore line: [COLLECT_GCC=/contrib/bin/g++]
  ignore line: [Target: x86_64-linux-gnu]
  ignore line: [Configured with: ../../extract/gcc-7.4.0.tar.gz/gcc-7.4.0/configure --prefix=/home/jenkins/workspace/mm/maintenance/Bootstrap_contrib/r/Deb10-test-1/codasip-studio/install/contrib --enable-languages=c c++ --enable-shared --enable-threads=posix --enable-checking=release --disable-libunwind-exceptions --enable-gnu-unique-object --enable-lto --disable-multilib --with-tune=generic --enable-bootstrap --build=x86_64-linux-gnu --host=x86_64-linux-gnu --target=x86_64-linux-gnu]
  ignore line: [Thread model: posix]
  ignore line: [gcc version 7.4.0 (GCC) ]
  ignore line: [COLLECT_GCC_OPTIONS='-I' '/tools/include' '-include' '/home/project/codasip_urisc_v/work/codasip_urisc_v_options.hcodal' '-v' '-o' 'CMakeFiles/cmTC_7c707.dir/CMakeCXXCompilerABI.cpp.o' '-c' '-shared-libgcc' '-mtune=generic' '-march=x86-64']
  ignore line: [ /contrib/bin/../libexec/gcc/x86_64-linux-gnu/7.4.0/cc1plus -quiet -v -I /tools/include -imultiarch x86_64-linux-gnu -iprefix /contrib/bin/../lib/gcc/x86_64-linux-gnu/7.4.0/ -D_GNU_SOURCE -include /home/project/codasip_urisc_v/work/codasip_urisc_v_options.hcodal /contrib/share/cmake-3.21/Modules/CMakeCXXCompilerABI.cpp -quiet -dumpbase CMakeCXXCompilerABI.cpp -mtune=generic -march=x86-64 -auxbase-strip CMakeFiles/cmTC_7c707.dir/CMakeCXXCompilerABI.cpp.o -version -o /tmp/ccbZrKwd.s]
  ignore line: [GNU C++14 (GCC) version 7.4.0 (x86_64-linux-gnu)]
  ignore line: [	compiled by GNU C version 7.4.0  GMP version 6.1.0  MPFR version 3.1.4  MPC version 1.0.3  isl version isl-0.16.1-GMP]
  ignore line: []
  ignore line: [GGC heuristics: --param ggc-min-expand=100 --param ggc-min-heapsize=131072]
  ignore line: [ignoring nonexistent directory "/contrib/bin/../lib/gcc/x86_64-linux-gnu/7.4.0/../../../../x86_64-linux-gnu/include"]
  ignore line: [ignoring duplicate directory "/contrib/bin/../lib/gcc/../../lib/gcc/x86_64-linux-gnu/7.4.0/../../../../include/c++/7.4.0"]
  ignore line: [ignoring duplicate directory "/contrib/bin/../lib/gcc/../../lib/gcc/x86_64-linux-gnu/7.4.0/../../../../include/c++/7.4.0/x86_64-linux-gnu"]
  ignore line: [ignoring duplicate directory "/contrib/bin/../lib/gcc/../../lib/gcc/x86_64-linux-gnu/7.4.0/../../../../include/c++/7.4.0/backward"]
  ignore line: [ignoring duplicate directory "/contrib/bin/../lib/gcc/../../lib/gcc/x86_64-linux-gnu/7.4.0/include"]
  ignore line: [ignoring nonexistent directory "/usr/local/include/x86_64-linux-gnu"]
  ignore line: [ignoring duplicate directory "/contrib/bin/../lib/gcc/../../lib/gcc/x86_64-linux-gnu/7.4.0/include-fixed"]
  ignore line: [ignoring nonexistent directory "/contrib/bin/../lib/gcc/../../lib/gcc/x86_64-linux-gnu/7.4.0/../../../../x86_64-linux-gnu/include"]
  ignore line: [#include "..." search starts here:]
  ignore line: [#include <...> search starts here:]
  ignore line: [ /tools/include]
  ignore line: [ /contrib/bin/../lib/gcc/x86_64-linux-gnu/7.4.0/../../../../include/c++/7.4.0]
  ignore line: [ /contrib/bin/../lib/gcc/x86_64-linux-gnu/7.4.0/../../../../include/c++/7.4.0/x86_64-linux-gnu]
  ignore line: [ /contrib/bin/../lib/gcc/x86_64-linux-gnu/7.4.0/../../../../include/c++/7.4.0/backward]
  ignore line: [ /contrib/bin/../lib/gcc/x86_64-linux-gnu/7.4.0/include]
  ignore line: [ /contrib/bin/../lib/gcc/x86_64-linux-gnu/7.4.0/include-fixed]
  ignore line: [ /usr/local/include]
  ignore line: [ /contrib/bin/../lib/gcc/../../include]
  ignore line: [ /usr/include/x86_64-linux-gnu]
  ignore line: [ /usr/include]
  ignore line: [End of search list.]
  ignore line: [GNU C++14 (GCC) version 7.4.0 (x86_64-linux-gnu)]
  ignore line: [	compiled by GNU C version 7.4.0  GMP version 6.1.0  MPFR version 3.1.4  MPC version 1.0.3  isl version isl-0.16.1-GMP]
  ignore line: []
  ignore line: [GGC heuristics: --param ggc-min-expand=100 --param ggc-min-heapsize=131072]
  ignore line: [Compiler executable checksum: 6563b3fff28f939837295838ba289bdd]
  ignore line: [COLLECT_GCC_OPTIONS='-I' '/tools/include' '-include' '/home/project/codasip_urisc_v/work/codasip_urisc_v_options.hcodal' '-v' '-o' 'CMakeFiles/cmTC_7c707.dir/CMakeCXXCompilerABI.cpp.o' '-c' '-shared-libgcc' '-mtune=generic' '-march=x86-64']
  ignore line: [ /contrib/bin/../lib/gcc/x86_64-linux-gnu/7.4.0/../../../../x86_64-linux-gnu/bin/as -v -I /tools/include --64 -o CMakeFiles/cmTC_7c707.dir/CMakeCXXCompilerABI.cpp.o /tmp/ccbZrKwd.s]
  ignore line: [GNU assembler version 2.37 (x86_64-linux-gnu) using BFD version (GNU Binutils) 2.37]
  ignore line: [COMPILER_PATH=/contrib/bin/../libexec/gcc/x86_64-linux-gnu/7.4.0/:/contrib/bin/../libexec/gcc/x86_64-linux-gnu/:/contrib/bin/../libexec/gcc/:/contrib/bin/../lib/gcc/x86_64-linux-gnu/7.4.0/../../../../x86_64-linux-gnu/bin/]
  ignore line: [LIBRARY_PATH=/contrib/bin/../lib/gcc/x86_64-linux-gnu/7.4.0/:/contrib/bin/../lib/gcc/x86_64-linux-gnu/:/contrib/bin/../lib/gcc/:/contrib/bin/../lib/gcc/x86_64-linux-gnu/7.4.0/../../../x86_64-linux-gnu/:/contrib/bin/../lib/gcc/x86_64-linux-gnu/7.4.0/../../../../lib64/:/lib/x86_64-linux-gnu/:/lib/../lib64/:/usr/lib/x86_64-linux-gnu/:/contrib/bin/../lib/gcc/x86_64-linux-gnu/7.4.0/../../../../x86_64-linux-gnu/lib/:/contrib/bin/../lib/gcc/x86_64-linux-gnu/7.4.0/../../../:/lib/:/usr/lib/]
  ignore line: [COLLECT_GCC_OPTIONS='-I' '/tools/include' '-include' '/home/project/codasip_urisc_v/work/codasip_urisc_v_options.hcodal' '-v' '-o' 'CMakeFiles/cmTC_7c707.dir/CMakeCXXCompilerABI.cpp.o' '-c' '-shared-libgcc' '-mtune=generic' '-march=x86-64']
  ignore line: [[2/2] Linking CXX executable cmTC_7c707]
  ignore line: [Using built-in specs.]
  ignore line: [COLLECT_GCC=/contrib/bin/g++]
  ignore line: [COLLECT_LTO_WRAPPER=/contrib/bin/../libexec/gcc/x86_64-linux-gnu/7.4.0/lto-wrapper]
  ignore line: [Target: x86_64-linux-gnu]
  ignore line: [Configured with: ../../extract/gcc-7.4.0.tar.gz/gcc-7.4.0/configure --prefix=/home/jenkins/workspace/mm/maintenance/Bootstrap_contrib/r/Deb10-test-1/codasip-studio/install/contrib --enable-languages=c c++ --enable-shared --enable-threads=posix --enable-checking=release --disable-libunwind-exceptions --enable-gnu-unique-object --enable-lto --disable-multilib --with-tune=generic --enable-bootstrap --build=x86_64-linux-gnu --host=x86_64-linux-gnu --target=x86_64-linux-gnu]
  ignore line: [Thread model: posix]
  ignore line: [gcc version 7.4.0 (GCC) ]
  ignore line: [COMPILER_PATH=/contrib/bin/../libexec/gcc/x86_64-linux-gnu/7.4.0/:/contrib/bin/../libexec/gcc/x86_64-linux-gnu/:/contrib/bin/../libexec/gcc/:/contrib/bin/../lib/gcc/x86_64-linux-gnu/7.4.0/../../../../x86_64-linux-gnu/bin/]
  ignore line: [LIBRARY_PATH=/contrib/bin/../lib/gcc/x86_64-linux-gnu/7.4.0/:/contrib/bin/../lib/gcc/x86_64-linux-gnu/:/contrib/bin/../lib/gcc/:/contrib/bin/../lib/gcc/x86_64-linux-gnu/7.4.0/../../../x86_64-linux-gnu/:/contrib/bin/../lib/gcc/x86_64-linux-gnu/7.4.0/../../../../lib64/:/lib/x86_64-linux-gnu/:/lib/../lib64/:/usr/lib/x86_64-linux-gnu/:/contrib/bin/../lib/gcc/x86_64-linux-gnu/7.4.0/../../../../x86_64-linux-gnu/lib/:/contrib/bin/../lib/gcc/x86_64-linux-gnu/7.4.0/../../../:/lib/:/usr/lib/]
  ignore line: [COLLECT_GCC_OPTIONS='-I' '/tools/include' '-include' '/home/project/codasip_urisc_v/work/codasip_urisc_v_options.hcodal' '-static-libgcc' '-v' '-o' 'cmTC_7c707' '-mtune=generic' '-march=x86-64']
  link line: [ /contrib/bin/../libexec/gcc/x86_64-linux-gnu/7.4.0/collect2 -plugin /contrib/bin/../libexec/gcc/x86_64-linux-gnu/7.4.0/liblto_plugin.so -plugin-opt=/contrib/bin/../libexec/gcc/x86_64-linux-gnu/7.4.0/lto-wrapper -plugin-opt=-fresolution=/tmp/ccz6wojh.res -plugin-opt=-pass-through=-lgcc -plugin-opt=-pass-through=-lgcc_eh -plugin-opt=-pass-through=-lc -plugin-opt=-pass-through=-lgcc -plugin-opt=-pass-through=-lgcc_eh --eh-frame-hdr -m elf_x86_64 -dynamic-linker /lib64/ld-linux-x86-64.so.2 -o cmTC_7c707 /usr/lib/x86_64-linux-gnu/crt1.o /usr/lib/x86_64-linux-gnu/crti.o /contrib/bin/../lib/gcc/x86_64-linux-gnu/7.4.0/crtbegin.o -L/contrib/bin/../lib/gcc/x86_64-linux-gnu/7.4.0 -L/contrib/bin/../lib/gcc/x86_64-linux-gnu -L/contrib/bin/../lib/gcc -L/contrib/bin/../lib/gcc/x86_64-linux-gnu/7.4.0/../../../x86_64-linux-gnu -L/contrib/bin/../lib/gcc/x86_64-linux-gnu/7.4.0/../../../../lib64 -L/lib/x86_64-linux-gnu -L/lib/../lib64 -L/usr/lib/x86_64-linux-gnu -L/contrib/bin/../lib/gcc/x86_64-linux-gnu/7.4.0/../../../../x86_64-linux-gnu/lib -L/contrib/bin/../lib/gcc/x86_64-linux-gnu/7.4.0/../../.. CMakeFiles/cmTC_7c707.dir/CMakeCXXCompilerABI.cpp.o -Bstatic -lstdc++ -Bdynamic -lm -lgcc -lgcc_eh -lc -lgcc -lgcc_eh /contrib/bin/../lib/gcc/x86_64-linux-gnu/7.4.0/crtend.o /usr/lib/x86_64-linux-gnu/crtn.o]
    arg [/contrib/bin/../libexec/gcc/x86_64-linux-gnu/7.4.0/collect2] ==> ignore
    arg [-plugin] ==> ignore
    arg [/contrib/bin/../libexec/gcc/x86_64-linux-gnu/7.4.0/liblto_plugin.so] ==> ignore
    arg [-plugin-opt=/contrib/bin/../libexec/gcc/x86_64-linux-gnu/7.4.0/lto-wrapper] ==> ignore
    arg [-plugin-opt=-fresolution=/tmp/ccz6wojh.res] ==> ignore
    arg [-plugin-opt=-pass-through=-lgcc] ==> ignore
    arg [-plugin-opt=-pass-through=-lgcc_eh] ==> ignore
    arg [-plugin-opt=-pass-through=-lc] ==> ignore
    arg [-plugin-opt=-pass-through=-lgcc] ==> ignore
    arg [-plugin-opt=-pass-through=-lgcc_eh] ==> ignore
    arg [--eh-frame-hdr] ==> ignore
    arg [-m] ==> ignore
    arg [elf_x86_64] ==> ignore
    arg [-dynamic-linker] ==> ignore
    arg [/lib64/ld-linux-x86-64.so.2] ==> ignore
    arg [-o] ==> ignore
    arg [cmTC_7c707] ==> ignore
    arg [/usr/lib/x86_64-linux-gnu/crt1.o] ==> obj [/usr/lib/x86_64-linux-gnu/crt1.o]
    arg [/usr/lib/x86_64-linux-gnu/crti.o] ==> obj [/usr/lib/x86_64-linux-gnu/crti.o]
    arg [/contrib/bin/../lib/gcc/x86_64-linux-gnu/7.4.0/crtbegin.o] ==> obj [/contrib/bin/../lib/gcc/x86_64-linux-gnu/7.4.0/crtbegin.o]
    arg [-L/contrib/bin/../lib/gcc/x86_64-linux-gnu/7.4.0] ==> dir [/contrib/bin/../lib/gcc/x86_64-linux-gnu/7.4.0]
    arg [-L/contrib/bin/../lib/gcc/x86_64-linux-gnu] ==> dir [/contrib/bin/../lib/gcc/x86_64-linux-gnu]
    arg [-L/contrib/bin/../lib/gcc] ==> dir [/contrib/bin/../lib/gcc]
    arg [-L/contrib/bin/../lib/gcc/x86_64-linux-gnu/7.4.0/../../../x86_64-linux-gnu] ==> dir [/contrib/bin/../lib/gcc/x86_64-linux-gnu/7.4.0/../../../x86_64-linux-gnu]
    arg [-L/contrib/bin/../lib/gcc/x86_64-linux-gnu/7.4.0/../../../../lib64] ==> dir [/contrib/bin/../lib/gcc/x86_64-linux-gnu/7.4.0/../../../../lib64]
    arg [-L/lib/x86_64-linux-gnu] ==> dir [/lib/x86_64-linux-gnu]
    arg [-L/lib/../lib64] ==> dir [/lib/../lib64]
    arg [-L/usr/lib/x86_64-linux-gnu] ==> dir [/usr/lib/x86_64-linux-gnu]
    arg [-L/contrib/bin/../lib/gcc/x86_64-linux-gnu/7.4.0/../../../../x86_64-linux-gnu/lib] ==> dir [/contrib/bin/../lib/gcc/x86_64-linux-gnu/7.4.0/../../../../x86_64-linux-gnu/lib]
    arg [-L/contrib/bin/../lib/gcc/x86_64-linux-gnu/7.4.0/../../..] ==> dir [/contrib/bin/../lib/gcc/x86_64-linux-gnu/7.4.0/../../..]
    arg [CMakeFiles/cmTC_7c707.dir/CMakeCXXCompilerABI.cpp.o] ==> ignore
    arg [-Bstatic] ==> search static
    arg [-lstdc++] ==> lib [SEARCH_STATIC:stdc++]
    arg [-Bdynamic] ==> search dynamic
    arg [-lm] ==> lib [m]
    arg [-lgcc] ==> lib [gcc]
    arg [-lgcc_eh] ==> lib [gcc_eh]
    arg [-lc] ==> lib [c]
    arg [-lgcc] ==> lib [gcc]
    arg [-lgcc_eh] ==> lib [gcc_eh]
    arg [/contrib/bin/../lib/gcc/x86_64-linux-gnu/7.4.0/crtend.o] ==> obj [/contrib/bin/../lib/gcc/x86_64-linux-gnu/7.4.0/crtend.o]
    arg [/usr/lib/x86_64-linux-gnu/crtn.o] ==> obj [/usr/lib/x86_64-linux-gnu/crtn.o]
  search lib [SEARCH_STATIC:stdc++] ==> [/contrib/lib64/libstdc++.a]
  remove lib [gcc_eh]
  remove lib [gcc_eh]
  collapse obj [/contrib/bin/../lib/gcc/x86_64-linux-gnu/7.4.0/crtbegin.o] ==> [/contrib/lib/gcc/x86_64-linux-gnu/7.4.0/crtbegin.o]
  collapse obj [/contrib/bin/../lib/gcc/x86_64-linux-gnu/7.4.0/crtend.o] ==> [/contrib/lib/gcc/x86_64-linux-gnu/7.4.0/crtend.o]
  collapse library dir [/contrib/bin/../lib/gcc/x86_64-linux-gnu/7.4.0] ==> [/contrib/lib/gcc/x86_64-linux-gnu/7.4.0]
  collapse library dir [/contrib/bin/../lib/gcc/x86_64-linux-gnu] ==> [/contrib/lib/gcc/x86_64-linux-gnu]
  collapse library dir [/contrib/bin/../lib/gcc] ==> [/contrib/lib/gcc]
  collapse library dir [/contrib/bin/../lib/gcc/x86_64-linux-gnu/7.4.0/../../../x86_64-linux-gnu] ==> [/contrib/lib/x86_64-linux-gnu]
  collapse library dir [/contrib/bin/../lib/gcc/x86_64-linux-gnu/7.4.0/../../../../lib64] ==> [/contrib/lib64]
  collapse library dir [/lib/x86_64-linux-gnu] ==> [/lib/x86_64-linux-gnu]
  collapse library dir [/lib/../lib64] ==> [/lib64]
  collapse library dir [/usr/lib/x86_64-linux-gnu] ==> [/usr/lib/x86_64-linux-gnu]
  collapse library dir [/contrib/bin/../lib/gcc/x86_64-linux-gnu/7.4.0/../../../../x86_64-linux-gnu/lib] ==> [/contrib/x86_64-linux-gnu/lib]
  collapse library dir [/contrib/bin/../lib/gcc/x86_64-linux-gnu/7.4.0/../../..] ==> [/contrib/lib]
  implicit libs: [/contrib/lib64/libstdc++.a;m;gcc;c;gcc]
  implicit objs: [/usr/lib/x86_64-linux-gnu/crt1.o;/usr/lib/x86_64-linux-gnu/crti.o;/contrib/lib/gcc/x86_64-linux-gnu/7.4.0/crtbegin.o;/contrib/lib/gcc/x86_64-linux-gnu/7.4.0/crtend.o;/usr/lib/x86_64-linux-gnu/crtn.o]
  implicit dirs: [/contrib/lib/gcc/x86_64-linux-gnu/7.4.0;/contrib/lib/gcc/x86_64-linux-gnu;/contrib/lib/gcc;/contrib/lib/x86_64-linux-gnu;/contrib/lib64;/lib/x86_64-linux-gnu;/lib64;/usr/lib/x86_64-linux-gnu;/contrib/x86_64-linux-gnu/lib;/contrib/lib]
  implicit fwks: []


Determining if the include file dlfcn.h exists passed with the following output:
Change Dir: /home/project/codasip_urisc_v/work/ia/llvm/build/CMakeFiles/CMakeTmp

Run Build Command(s):/contrib/bin/ninja cmTC_1b8c5 && [1/2] Building C object CMakeFiles/cmTC_1b8c5.dir/CheckIncludeFile.c.o
[2/2] Linking C executable cmTC_1b8c5



Determining if the include file errno.h exists passed with the following output:
Change Dir: /home/project/codasip_urisc_v/work/ia/llvm/build/CMakeFiles/CMakeTmp

Run Build Command(s):/contrib/bin/ninja cmTC_7905c && [1/2] Building C object CMakeFiles/cmTC_7905c.dir/CheckIncludeFile.c.o
[2/2] Linking C executable cmTC_7905c



Determining if the include file fcntl.h exists passed with the following output:
Change Dir: /home/project/codasip_urisc_v/work/ia/llvm/build/CMakeFiles/CMakeTmp

Run Build Command(s):/contrib/bin/ninja cmTC_7ea4f && [1/2] Building C object CMakeFiles/cmTC_7ea4f.dir/CheckIncludeFile.c.o
[2/2] Linking C executable cmTC_7ea4f



Determining if the include file link.h exists passed with the following output:
Change Dir: /home/project/codasip_urisc_v/work/ia/llvm/build/CMakeFiles/CMakeTmp

Run Build Command(s):/contrib/bin/ninja cmTC_12ac8 && [1/2] Building C object CMakeFiles/cmTC_12ac8.dir/CheckIncludeFile.c.o
[2/2] Linking C executable cmTC_12ac8



Determining if the include file pthread.h exists passed with the following output:
Change Dir: /home/project/codasip_urisc_v/work/ia/llvm/build/CMakeFiles/CMakeTmp

Run Build Command(s):/contrib/bin/ninja cmTC_dbbe5 && [1/2] Building C object CMakeFiles/cmTC_dbbe5.dir/CheckIncludeFile.c.o
[2/2] Linking C executable cmTC_dbbe5



Determining if the include file signal.h exists passed with the following output:
Change Dir: /home/project/codasip_urisc_v/work/ia/llvm/build/CMakeFiles/CMakeTmp

Run Build Command(s):/contrib/bin/ninja cmTC_3e82e && [1/2] Building C object CMakeFiles/cmTC_3e82e.dir/CheckIncludeFile.c.o
[2/2] Linking C executable cmTC_3e82e



Determining if the include file sys/ioctl.h exists passed with the following output:
Change Dir: /home/project/codasip_urisc_v/work/ia/llvm/build/CMakeFiles/CMakeTmp

Run Build Command(s):/contrib/bin/ninja cmTC_a8de9 && [1/2] Building C object CMakeFiles/cmTC_a8de9.dir/CheckIncludeFile.c.o
[2/2] Linking C executable cmTC_a8de9



Determining if the include file sys/mman.h exists passed with the following output:
Change Dir: /home/project/codasip_urisc_v/work/ia/llvm/build/CMakeFiles/CMakeTmp

Run Build Command(s):/contrib/bin/ninja cmTC_3f820 && [1/2] Building C object CMakeFiles/cmTC_3f820.dir/CheckIncludeFile.c.o
[2/2] Linking C executable cmTC_3f820



Determining if the include file sys/param.h exists passed with the following output:
Change Dir: /home/project/codasip_urisc_v/work/ia/llvm/build/CMakeFiles/CMakeTmp

Run Build Command(s):/contrib/bin/ninja cmTC_7da7b && [1/2] Building C object CMakeFiles/cmTC_7da7b.dir/CheckIncludeFile.c.o
[2/2] Linking C executable cmTC_7da7b



Determining if the include file sys/resource.h exists passed with the following output:
Change Dir: /home/project/codasip_urisc_v/work/ia/llvm/build/CMakeFiles/CMakeTmp

Run Build Command(s):/contrib/bin/ninja cmTC_d49d7 && [1/2] Building C object CMakeFiles/cmTC_d49d7.dir/CheckIncludeFile.c.o
[2/2] Linking C executable cmTC_d49d7



Determining if the include file sys/stat.h exists passed with the following output:
Change Dir: /home/project/codasip_urisc_v/work/ia/llvm/build/CMakeFiles/CMakeTmp

Run Build Command(s):/contrib/bin/ninja cmTC_dfe48 && [1/2] Building C object CMakeFiles/cmTC_dfe48.dir/CheckIncludeFile.c.o
[2/2] Linking C executable cmTC_dfe48



Determining if the include file sys/time.h exists passed with the following output:
Change Dir: /home/project/codasip_urisc_v/work/ia/llvm/build/CMakeFiles/CMakeTmp

Run Build Command(s):/contrib/bin/ninja cmTC_4181e && [1/2] Building C object CMakeFiles/cmTC_4181e.dir/CheckIncludeFile.c.o
[2/2] Linking C executable cmTC_4181e



Determining if the include file sys/types.h exists passed with the following output:
Change Dir: /home/project/codasip_urisc_v/work/ia/llvm/build/CMakeFiles/CMakeTmp

Run Build Command(s):/contrib/bin/ninja cmTC_4c420 && [1/2] Building C object CMakeFiles/cmTC_4c420.dir/CheckIncludeFile.c.o
[2/2] Linking C executable cmTC_4c420



Determining if the include file termios.h exists passed with the following output:
Change Dir: /home/project/codasip_urisc_v/work/ia/llvm/build/CMakeFiles/CMakeTmp

Run Build Command(s):/contrib/bin/ninja cmTC_b5bcb && [1/2] Building C object CMakeFiles/cmTC_b5bcb.dir/CheckIncludeFile.c.o
[2/2] Linking C executable cmTC_b5bcb



Determining if the include file unistd.h exists passed with the following output:
Change Dir: /home/project/codasip_urisc_v/work/ia/llvm/build/CMakeFiles/CMakeTmp

Run Build Command(s):/contrib/bin/ninja cmTC_0714b && [1/2] Building C object CMakeFiles/cmTC_0714b.dir/CheckIncludeFile.c.o
[2/2] Linking C executable cmTC_0714b



Determining if the include file zlib.h exists passed with the following output:
Change Dir: /home/project/codasip_urisc_v/work/ia/llvm/build/CMakeFiles/CMakeTmp

Run Build Command(s):/contrib/bin/ninja cmTC_9f304 && [1/2] Building C object CMakeFiles/cmTC_9f304.dir/CheckIncludeFile.c.o
[2/2] Linking C executable cmTC_9f304



Determining if the include file fenv.h exists passed with the following output:
Change Dir: /home/project/codasip_urisc_v/work/ia/llvm/build/CMakeFiles/CMakeTmp

Run Build Command(s):/contrib/bin/ninja cmTC_dcfa3 && [1/2] Building C object CMakeFiles/cmTC_dcfa3.dir/CheckIncludeFile.c.o
[2/2] Linking C executable cmTC_dcfa3



Determining if the FE_ALL_EXCEPT exist passed with the following output:
Change Dir: /home/project/codasip_urisc_v/work/ia/llvm/build/CMakeFiles/CMakeTmp

Run Build Command(s):/contrib/bin/ninja cmTC_2ebb3 && [1/2] Building C object CMakeFiles/cmTC_2ebb3.dir/CheckSymbolExists.c.o
[2/2] Linking C executable cmTC_2ebb3


File /home/project/codasip_urisc_v/work/ia/llvm/build/CMakeFiles/CMakeTmp/CheckSymbolExists.c:
/* */
#include <fenv.h>

int main(int argc, char** argv)
{
  (void)argv;
#ifndef FE_ALL_EXCEPT
  return ((int*)(&FE_ALL_EXCEPT))[argc];
#else
  (void)argc;
  return 0;
#endif
}
Determining if the FE_INEXACT exist passed with the following output:
Change Dir: /home/project/codasip_urisc_v/work/ia/llvm/build/CMakeFiles/CMakeTmp

Run Build Command(s):/contrib/bin/ninja cmTC_734e9 && [1/2] Building C object CMakeFiles/cmTC_734e9.dir/CheckSymbolExists.c.o
[2/2] Linking C executable cmTC_734e9


File /home/project/codasip_urisc_v/work/ia/llvm/build/CMakeFiles/CMakeTmp/CheckSymbolExists.c:
/* */
#include <fenv.h>

int main(int argc, char** argv)
{
  (void)argv;
#ifndef FE_INEXACT
  return ((int*)(&FE_INEXACT))[argc];
#else
  (void)argc;
  return 0;
#endif
}
Determining if the include file histedit.h exists passed with the following output:
Change Dir: /home/project/codasip_urisc_v/work/ia/llvm/build/CMakeFiles/CMakeTmp

Run Build Command(s):/contrib/bin/ninja cmTC_ffb7d && [1/2] Building C object CMakeFiles/cmTC_ffb7d.dir/CheckIncludeFile.c.o
[2/2] Linking C executable cmTC_ffb7d



Determining if the include file linux/magic.h exists passed with the following output:
Change Dir: /home/project/codasip_urisc_v/work/ia/llvm/build/CMakeFiles/CMakeTmp

Run Build Command(s):/contrib/bin/ninja cmTC_1bf17 && [1/2] Building C object CMakeFiles/cmTC_1bf17.dir/CheckIncludeFile.c.o
[2/2] Linking C executable cmTC_1bf17



Determining if the function pthread_create exists in the pthread passed with the following output:
Change Dir: /home/project/codasip_urisc_v/work/ia/llvm/build/CMakeFiles/CMakeTmp

Run Build Command(s):/contrib/bin/ninja cmTC_1de70 && [1/2] Building C object CMakeFiles/cmTC_1de70.dir/CheckFunctionExists.c.o
[2/2] Linking C executable cmTC_1de70



Determining if the function pthread_getspecific exists in the pthread passed with the following output:
Change Dir: /home/project/codasip_urisc_v/work/ia/llvm/build/CMakeFiles/CMakeTmp

Run Build Command(s):/contrib/bin/ninja cmTC_db366 && [1/2] Building C object CMakeFiles/cmTC_db366.dir/CheckFunctionExists.c.o
[2/2] Linking C executable cmTC_db366



Determining if the function pthread_rwlock_init exists in the pthread passed with the following output:
Change Dir: /home/project/codasip_urisc_v/work/ia/llvm/build/CMakeFiles/CMakeTmp

Run Build Command(s):/contrib/bin/ninja cmTC_18b35 && [1/2] Building C object CMakeFiles/cmTC_18b35.dir/CheckFunctionExists.c.o
[2/2] Linking C executable cmTC_18b35



Determining if the function pthread_mutex_lock exists in the pthread passed with the following output:
Change Dir: /home/project/codasip_urisc_v/work/ia/llvm/build/CMakeFiles/CMakeTmp

Run Build Command(s):/contrib/bin/ninja cmTC_efac5 && [1/2] Building C object CMakeFiles/cmTC_efac5.dir/CheckFunctionExists.c.o
[2/2] Linking C executable cmTC_efac5



Determining if the function dlopen exists in the dl passed with the following output:
Change Dir: /home/project/codasip_urisc_v/work/ia/llvm/build/CMakeFiles/CMakeTmp

Run Build Command(s):/contrib/bin/ninja cmTC_376d3 && [1/2] Building C object CMakeFiles/cmTC_376d3.dir/CheckFunctionExists.c.o
[2/2] Linking C executable cmTC_376d3



Determining if the function clock_gettime exists in the rt passed with the following output:
Change Dir: /home/project/codasip_urisc_v/work/ia/llvm/build/CMakeFiles/CMakeTmp

Run Build Command(s):/contrib/bin/ninja cmTC_7f57b && [1/2] Building C object CMakeFiles/cmTC_7f57b.dir/CheckFunctionExists.c.o
[2/2] Linking C executable cmTC_7f57b



Determining if the include file pthread.h exists passed with the following output:
Change Dir: /home/project/codasip_urisc_v/work/ia/llvm/build/CMakeFiles/CMakeTmp

Run Build Command(s):/contrib/bin/ninja cmTC_0d3c2 && [1/2] Building C object CMakeFiles/cmTC_0d3c2.dir/CheckIncludeFile.c.o
[2/2] Linking C executable cmTC_0d3c2



Determining if the function pthread_create exists in the pthread passed with the following output:
Change Dir: /home/project/codasip_urisc_v/work/ia/llvm/build/CMakeFiles/CMakeTmp

Run Build Command(s):/contrib/bin/ninja cmTC_6a38c && [1/2] Building C object CMakeFiles/cmTC_6a38c.dir/CheckFunctionExists.c.o
[2/2] Linking C executable cmTC_6a38c



Determining if the backtrace exist passed with the following output:
Change Dir: /home/project/codasip_urisc_v/work/ia/llvm/build/CMakeFiles/CMakeTmp

Run Build Command(s):/contrib/bin/ninja cmTC_1f38d && [1/2] Building C object CMakeFiles/cmTC_1f38d.dir/CheckSymbolExists.c.o
[2/2] Linking C executable cmTC_1f38d


File /home/project/codasip_urisc_v/work/ia/llvm/build/CMakeFiles/CMakeTmp/CheckSymbolExists.c:
/* */
#include <execinfo.h>

int main(int argc, char** argv)
{
  (void)argv;
#ifndef backtrace
  return ((int*)(&backtrace))[argc];
#else
  (void)argc;
  return 0;
#endif
}
Determining if the _Unwind_Backtrace exist passed with the following output:
Change Dir: /home/project/codasip_urisc_v/work/ia/llvm/build/CMakeFiles/CMakeTmp

Run Build Command(s):/contrib/bin/ninja cmTC_77cc2 && [1/2] Building C object CMakeFiles/cmTC_77cc2.dir/CheckSymbolExists.c.o
[2/2] Linking C executable cmTC_77cc2


File /home/project/codasip_urisc_v/work/ia/llvm/build/CMakeFiles/CMakeTmp/CheckSymbolExists.c:
/* */
#include <unwind.h>

int main(int argc, char** argv)
{
  (void)argv;
#ifndef _Unwind_Backtrace
  return ((int*)(&_Unwind_Backtrace))[argc];
#else
  (void)argc;
  return 0;
#endif
}
Determining if the getpagesize exist passed with the following output:
Change Dir: /home/project/codasip_urisc_v/work/ia/llvm/build/CMakeFiles/CMakeTmp

Run Build Command(s):/contrib/bin/ninja cmTC_60136 && [1/2] Building C object CMakeFiles/cmTC_60136.dir/CheckSymbolExists.c.o
[2/2] Linking C executable cmTC_60136


File /home/project/codasip_urisc_v/work/ia/llvm/build/CMakeFiles/CMakeTmp/CheckSymbolExists.c:
/* */
#include <unistd.h>

int main(int argc, char** argv)
{
  (void)argv;
#ifndef getpagesize
  return ((int*)(&getpagesize))[argc];
#else
  (void)argc;
  return 0;
#endif
}
Determining if the sysconf exist passed with the following output:
Change Dir: /home/project/codasip_urisc_v/work/ia/llvm/build/CMakeFiles/CMakeTmp

Run Build Command(s):/contrib/bin/ninja cmTC_3dfc4 && [1/2] Building C object CMakeFiles/cmTC_3dfc4.dir/CheckSymbolExists.c.o
[2/2] Linking C executable cmTC_3dfc4


File /home/project/codasip_urisc_v/work/ia/llvm/build/CMakeFiles/CMakeTmp/CheckSymbolExists.c:
/* */
#include <unistd.h>

int main(int argc, char** argv)
{
  (void)argv;
#ifndef sysconf
  return ((int*)(&sysconf))[argc];
#else
  (void)argc;
  return 0;
#endif
}
Determining if the getrusage exist passed with the following output:
Change Dir: /home/project/codasip_urisc_v/work/ia/llvm/build/CMakeFiles/CMakeTmp

Run Build Command(s):/contrib/bin/ninja cmTC_739db && [1/2] Building C object CMakeFiles/cmTC_739db.dir/CheckSymbolExists.c.o
[2/2] Linking C executable cmTC_739db


File /home/project/codasip_urisc_v/work/ia/llvm/build/CMakeFiles/CMakeTmp/CheckSymbolExists.c:
/* */
#include <sys/resource.h>

int main(int argc, char** argv)
{
  (void)argv;
#ifndef getrusage
  return ((int*)(&getrusage))[argc];
#else
  (void)argc;
  return 0;
#endif
}
Determining if the setrlimit exist passed with the following output:
Change Dir: /home/project/codasip_urisc_v/work/ia/llvm/build/CMakeFiles/CMakeTmp

Run Build Command(s):/contrib/bin/ninja cmTC_eb92f && [1/2] Building C object CMakeFiles/cmTC_eb92f.dir/CheckSymbolExists.c.o
[2/2] Linking C executable cmTC_eb92f


File /home/project/codasip_urisc_v/work/ia/llvm/build/CMakeFiles/CMakeTmp/CheckSymbolExists.c:
/* */
#include <sys/resource.h>

int main(int argc, char** argv)
{
  (void)argv;
#ifndef setrlimit
  return ((int*)(&setrlimit))[argc];
#else
  (void)argc;
  return 0;
#endif
}
Determining if the isatty exist passed with the following output:
Change Dir: /home/project/codasip_urisc_v/work/ia/llvm/build/CMakeFiles/CMakeTmp

Run Build Command(s):/contrib/bin/ninja cmTC_15921 && [1/2] Building C object CMakeFiles/cmTC_15921.dir/CheckSymbolExists.c.o
[2/2] Linking C executable cmTC_15921


File /home/project/codasip_urisc_v/work/ia/llvm/build/CMakeFiles/CMakeTmp/CheckSymbolExists.c:
/* */
#include <unistd.h>

int main(int argc, char** argv)
{
  (void)argv;
#ifndef isatty
  return ((int*)(&isatty))[argc];
#else
  (void)argc;
  return 0;
#endif
}
Determining if the futimens exist passed with the following output:
Change Dir: /home/project/codasip_urisc_v/work/ia/llvm/build/CMakeFiles/CMakeTmp

Run Build Command(s):/contrib/bin/ninja cmTC_026fd && [1/2] Building C object CMakeFiles/cmTC_026fd.dir/CheckSymbolExists.c.o
[2/2] Linking C executable cmTC_026fd


File /home/project/codasip_urisc_v/work/ia/llvm/build/CMakeFiles/CMakeTmp/CheckSymbolExists.c:
/* */
#include <sys/stat.h>

int main(int argc, char** argv)
{
  (void)argv;
#ifndef futimens
  return ((int*)(&futimens))[argc];
#else
  (void)argc;
  return 0;
#endif
}
Determining if the futimes exist passed with the following output:
Change Dir: /home/project/codasip_urisc_v/work/ia/llvm/build/CMakeFiles/CMakeTmp

Run Build Command(s):/contrib/bin/ninja cmTC_acd55 && [1/2] Building C object CMakeFiles/cmTC_acd55.dir/CheckSymbolExists.c.o
[2/2] Linking C executable cmTC_acd55


File /home/project/codasip_urisc_v/work/ia/llvm/build/CMakeFiles/CMakeTmp/CheckSymbolExists.c:
/* */
#include <sys/time.h>

int main(int argc, char** argv)
{
  (void)argv;
#ifndef futimes
  return ((int*)(&futimes))[argc];
#else
  (void)argc;
  return 0;
#endif
}
Determining if the posix_fallocate exist passed with the following output:
Change Dir: /home/project/codasip_urisc_v/work/ia/llvm/build/CMakeFiles/CMakeTmp

Run Build Command(s):/contrib/bin/ninja cmTC_3d647 && [1/2] Building C object CMakeFiles/cmTC_3d647.dir/CheckSymbolExists.c.o
[2/2] Linking C executable cmTC_3d647


File /home/project/codasip_urisc_v/work/ia/llvm/build/CMakeFiles/CMakeTmp/CheckSymbolExists.c:
/* */
#include <fcntl.h>

int main(int argc, char** argv)
{
  (void)argv;
#ifndef posix_fallocate
  return ((int*)(&posix_fallocate))[argc];
#else
  (void)argc;
  return 0;
#endif
}
Determining if the sigaltstack exist passed with the following output:
Change Dir: /home/project/codasip_urisc_v/work/ia/llvm/build/CMakeFiles/CMakeTmp

Run Build Command(s):/contrib/bin/ninja cmTC_d5c56 && [1/2] Building C object CMakeFiles/cmTC_d5c56.dir/CheckSymbolExists.c.o
[2/2] Linking C executable cmTC_d5c56


File /home/project/codasip_urisc_v/work/ia/llvm/build/CMakeFiles/CMakeTmp/CheckSymbolExists.c:
/* */
#include <signal.h>

int main(int argc, char** argv)
{
  (void)argv;
#ifndef sigaltstack
  return ((int*)(&sigaltstack))[argc];
#else
  (void)argc;
  return 0;
#endif
}
Determining if the lseek64 exist passed with the following output:
Change Dir: /home/project/codasip_urisc_v/work/ia/llvm/build/CMakeFiles/CMakeTmp

Run Build Command(s):/contrib/bin/ninja cmTC_f1c90 && [1/2] Building C object CMakeFiles/cmTC_f1c90.dir/CheckSymbolExists.c.o
[2/2] Linking C executable cmTC_f1c90


File /home/project/codasip_urisc_v/work/ia/llvm/build/CMakeFiles/CMakeTmp/CheckSymbolExists.c:
/* */
#include <sys/types.h>
#include <unistd.h>

int main(int argc, char** argv)
{
  (void)argv;
#ifndef lseek64
  return ((int*)(&lseek64))[argc];
#else
  (void)argc;
  return 0;
#endif
}
Determining if the mallinfo exist passed with the following output:
Change Dir: /home/project/codasip_urisc_v/work/ia/llvm/build/CMakeFiles/CMakeTmp

Run Build Command(s):/contrib/bin/ninja cmTC_06d53 && [1/2] Building C object CMakeFiles/cmTC_06d53.dir/CheckSymbolExists.c.o
[2/2] Linking C executable cmTC_06d53


File /home/project/codasip_urisc_v/work/ia/llvm/build/CMakeFiles/CMakeTmp/CheckSymbolExists.c:
/* */
#include <malloc.h>

int main(int argc, char** argv)
{
  (void)argv;
#ifndef mallinfo
  return ((int*)(&mallinfo))[argc];
#else
  (void)argc;
  return 0;
#endif
}
Determining if the getrlimit exist passed with the following output:
Change Dir: /home/project/codasip_urisc_v/work/ia/llvm/build/CMakeFiles/CMakeTmp

Run Build Command(s):/contrib/bin/ninja cmTC_337b4 && [1/2] Building C object CMakeFiles/cmTC_337b4.dir/CheckSymbolExists.c.o
[2/2] Linking C executable cmTC_337b4


File /home/project/codasip_urisc_v/work/ia/llvm/build/CMakeFiles/CMakeTmp/CheckSymbolExists.c:
/* */
#include <sys/types.h>
#include <sys/time.h>
#include <sys/resource.h>

int main(int argc, char** argv)
{
  (void)argv;
#ifndef getrlimit
  return ((int*)(&getrlimit))[argc];
#else
  (void)argc;
  return 0;
#endif
}
Determining if the posix_spawn exist passed with the following output:
Change Dir: /home/project/codasip_urisc_v/work/ia/llvm/build/CMakeFiles/CMakeTmp

Run Build Command(s):/contrib/bin/ninja cmTC_68826 && [1/2] Building C object CMakeFiles/cmTC_68826.dir/CheckSymbolExists.c.o
[2/2] Linking C executable cmTC_68826


File /home/project/codasip_urisc_v/work/ia/llvm/build/CMakeFiles/CMakeTmp/CheckSymbolExists.c:
/* */
#include <spawn.h>

int main(int argc, char** argv)
{
  (void)argv;
#ifndef posix_spawn
  return ((int*)(&posix_spawn))[argc];
#else
  (void)argc;
  return 0;
#endif
}
Determining if the pread exist passed with the following output:
Change Dir: /home/project/codasip_urisc_v/work/ia/llvm/build/CMakeFiles/CMakeTmp

Run Build Command(s):/contrib/bin/ninja cmTC_6b16f && [1/2] Building C object CMakeFiles/cmTC_6b16f.dir/CheckSymbolExists.c.o
[2/2] Linking C executable cmTC_6b16f


File /home/project/codasip_urisc_v/work/ia/llvm/build/CMakeFiles/CMakeTmp/CheckSymbolExists.c:
/* */
#include <unistd.h>

int main(int argc, char** argv)
{
  (void)argv;
#ifndef pread
  return ((int*)(&pread))[argc];
#else
  (void)argc;
  return 0;
#endif
}
Determining if the sbrk exist passed with the following output:
Change Dir: /home/project/codasip_urisc_v/work/ia/llvm/build/CMakeFiles/CMakeTmp

Run Build Command(s):/contrib/bin/ninja cmTC_60c75 && [1/2] Building C object CMakeFiles/cmTC_60c75.dir/CheckSymbolExists.c.o
[2/2] Linking C executable cmTC_60c75


File /home/project/codasip_urisc_v/work/ia/llvm/build/CMakeFiles/CMakeTmp/CheckSymbolExists.c:
/* */
#include <unistd.h>

int main(int argc, char** argv)
{
  (void)argv;
#ifndef sbrk
  return ((int*)(&sbrk))[argc];
#else
  (void)argc;
  return 0;
#endif
}
Determining if the strerror exist passed with the following output:
Change Dir: /home/project/codasip_urisc_v/work/ia/llvm/build/CMakeFiles/CMakeTmp

Run Build Command(s):/contrib/bin/ninja cmTC_011f4 && [1/2] Building C object CMakeFiles/cmTC_011f4.dir/CheckSymbolExists.c.o
[2/2] Linking C executable cmTC_011f4


File /home/project/codasip_urisc_v/work/ia/llvm/build/CMakeFiles/CMakeTmp/CheckSymbolExists.c:
/* */
#include <string.h>

int main(int argc, char** argv)
{
  (void)argv;
#ifndef strerror
  return ((int*)(&strerror))[argc];
#else
  (void)argc;
  return 0;
#endif
}
Determining if the strerror_r exist passed with the following output:
Change Dir: /home/project/codasip_urisc_v/work/ia/llvm/build/CMakeFiles/CMakeTmp

Run Build Command(s):/contrib/bin/ninja cmTC_ad628 && [1/2] Building C object CMakeFiles/cmTC_ad628.dir/CheckSymbolExists.c.o
[2/2] Linking C executable cmTC_ad628


File /home/project/codasip_urisc_v/work/ia/llvm/build/CMakeFiles/CMakeTmp/CheckSymbolExists.c:
/* */
#include <string.h>

int main(int argc, char** argv)
{
  (void)argv;
#ifndef strerror_r
  return ((int*)(&strerror_r))[argc];
#else
  (void)argc;
  return 0;
#endif
}
Determining if the setenv exist passed with the following output:
Change Dir: /home/project/codasip_urisc_v/work/ia/llvm/build/CMakeFiles/CMakeTmp

Run Build Command(s):/contrib/bin/ninja cmTC_db0cd && [1/2] Building C object CMakeFiles/cmTC_db0cd.dir/CheckSymbolExists.c.o
[2/2] Linking C executable cmTC_db0cd


File /home/project/codasip_urisc_v/work/ia/llvm/build/CMakeFiles/CMakeTmp/CheckSymbolExists.c:
/* */
#include <stdlib.h>

int main(int argc, char** argv)
{
  (void)argv;
#ifndef setenv
  return ((int*)(&setenv))[argc];
#else
  (void)argc;
  return 0;
#endif
}
Determining if the dlopen exist passed with the following output:
Change Dir: /home/project/codasip_urisc_v/work/ia/llvm/build/CMakeFiles/CMakeTmp

Run Build Command(s):/contrib/bin/ninja cmTC_c5c80 && [1/2] Building C object CMakeFiles/cmTC_c5c80.dir/CheckSymbolExists.c.o
[2/2] Linking C executable cmTC_c5c80


File /home/project/codasip_urisc_v/work/ia/llvm/build/CMakeFiles/CMakeTmp/CheckSymbolExists.c:
/* */
#include <dlfcn.h>

int main(int argc, char** argv)
{
  (void)argv;
#ifndef dlopen
  return ((int*)(&dlopen))[argc];
#else
  (void)argc;
  return 0;
#endif
}
Performing C SOURCE FILE Test HAVE_STRUCT_STAT_ST_MTIM_TV_NSEC succeeded with the following output:
Change Dir: /home/project/codasip_urisc_v/work/ia/llvm/build/CMakeFiles/CMakeTmp

Run Build Command(s):/contrib/bin/ninja cmTC_03229 && [1/2] Building C object CMakeFiles/cmTC_03229.dir/src.c.o
[2/2] Linking C executable cmTC_03229


Source file was:

#include <sys/types.h>
#include <sys/stat.h>

int main()
{
  (void)sizeof(((struct stat *)0)->st_mtim.tv_nsec);
  return 0;
}

Determining if the __GLIBC__ exist passed with the following output:
Change Dir: /home/project/codasip_urisc_v/work/ia/llvm/build/CMakeFiles/CMakeTmp

Run Build Command(s):/contrib/bin/ninja cmTC_56c18 && [1/2] Building C object CMakeFiles/cmTC_56c18.dir/CheckSymbolExists.c.o
[2/2] Linking C executable cmTC_56c18


File /home/project/codasip_urisc_v/work/ia/llvm/build/CMakeFiles/CMakeTmp/CheckSymbolExists.c:
/* */
#include <stdio.h>

int main(int argc, char** argv)
{
  (void)argv;
#ifndef __GLIBC__
  return ((int*)(&__GLIBC__))[argc];
#else
  (void)argc;
  return 0;
#endif
}
Determining if the sched_getaffinity exist passed with the following output:
Change Dir: /home/project/codasip_urisc_v/work/ia/llvm/build/CMakeFiles/CMakeTmp

Run Build Command(s):/contrib/bin/ninja cmTC_b862f && [1/2] Building C object CMakeFiles/cmTC_b862f.dir/CheckSymbolExists.c.o
[2/2] Linking C executable cmTC_b862f


File /home/project/codasip_urisc_v/work/ia/llvm/build/CMakeFiles/CMakeTmp/CheckSymbolExists.c:
/* */
#include <sched.h>

int main(int argc, char** argv)
{
  (void)argv;
#ifndef sched_getaffinity
  return ((int*)(&sched_getaffinity))[argc];
#else
  (void)argc;
  return 0;
#endif
}
Determining if the CPU_COUNT exist passed with the following output:
Change Dir: /home/project/codasip_urisc_v/work/ia/llvm/build/CMakeFiles/CMakeTmp

Run Build Command(s):/contrib/bin/ninja cmTC_287f1 && [1/2] Building C object CMakeFiles/cmTC_287f1.dir/CheckSymbolExists.c.o
[2/2] Linking C executable cmTC_287f1


File /home/project/codasip_urisc_v/work/ia/llvm/build/CMakeFiles/CMakeTmp/CheckSymbolExists.c:
/* */
#include <sched.h>

int main(int argc, char** argv)
{
  (void)argv;
#ifndef CPU_COUNT
  return ((int*)(&CPU_COUNT))[argc];
#else
  (void)argc;
  return 0;
#endif
}
Determining if the pthread_getname_np exist passed with the following output:
Change Dir: /home/project/codasip_urisc_v/work/ia/llvm/build/CMakeFiles/CMakeTmp

Run Build Command(s):/contrib/bin/ninja cmTC_dd850 && [1/2] Building C object CMakeFiles/cmTC_dd850.dir/CheckSymbolExists.c.o
[2/2] Linking C executable cmTC_dd850


File /home/project/codasip_urisc_v/work/ia/llvm/build/CMakeFiles/CMakeTmp/CheckSymbolExists.c:
/* */
#include <pthread.h>

int main(int argc, char** argv)
{
  (void)argv;
#ifndef pthread_getname_np
  return ((int*)(&pthread_getname_np))[argc];
#else
  (void)argc;
  return 0;
#endif
}
Determining if the pthread_setname_np exist passed with the following output:
Change Dir: /home/project/codasip_urisc_v/work/ia/llvm/build/CMakeFiles/CMakeTmp

Run Build Command(s):/contrib/bin/ninja cmTC_80760 && [1/2] Building C object CMakeFiles/cmTC_80760.dir/CheckSymbolExists.c.o
[2/2] Linking C executable cmTC_80760


File /home/project/codasip_urisc_v/work/ia/llvm/build/CMakeFiles/CMakeTmp/CheckSymbolExists.c:
/* */
#include <pthread.h>

int main(int argc, char** argv)
{
  (void)argv;
#ifndef pthread_setname_np
  return ((int*)(&pthread_setname_np))[argc];
#else
  (void)argc;
  return 0;
#endif
}
Performing C++ SOURCE FILE Test HAVE_STD_IS_TRIVIALLY_COPYABLE succeeded with the following output:
Change Dir: /home/project/codasip_urisc_v/work/ia/llvm/build/CMakeFiles/CMakeTmp

Run Build Command(s):/contrib/bin/ninja cmTC_fc175 && [1/2] Building CXX object CMakeFiles/cmTC_fc175.dir/src.cxx.o
[2/2] Linking CXX executable cmTC_fc175


Source file was:

#include <type_traits>
struct T { int val; };
static_assert(std::is_trivially_copyable<T>::value, "ok");
int main() { return 0;}

Performing C++ SOURCE FILE Test HAVE_CXX_ATOMICS_WITHOUT_LIB succeeded with the following output:
Change Dir: /home/project/codasip_urisc_v/work/ia/llvm/build/CMakeFiles/CMakeTmp

Run Build Command(s):/contrib/bin/ninja cmTC_63a9a && [1/2] Building CXX object CMakeFiles/cmTC_63a9a.dir/src.cxx.o
[2/2] Linking CXX executable cmTC_63a9a


Source file was:

#include <atomic>
std::atomic<int> x;
int main() {
  return x;
}

Performing C++ SOURCE FILE Test HAVE_CXX_ATOMICS64_WITHOUT_LIB succeeded with the following output:
Change Dir: /home/project/codasip_urisc_v/work/ia/llvm/build/CMakeFiles/CMakeTmp

Run Build Command(s):/contrib/bin/ninja cmTC_49877 && [1/2] Building CXX object CMakeFiles/cmTC_49877.dir/src.cxx.o
[2/2] Linking CXX executable cmTC_49877


Source file was:

#include <atomic>
#include <cstdint>
std::atomic<uint64_t> x (0);
int main() {
  uint64_t i = x.load(std::memory_order_relaxed);
  return 0;
}

Performing C++ SOURCE FILE Test LLVM_HAS_ATOMICS succeeded with the following output:
Change Dir: /home/project/codasip_urisc_v/work/ia/llvm/build/CMakeFiles/CMakeTmp

Run Build Command(s):/contrib/bin/ninja cmTC_6396d && [1/2] Building CXX object CMakeFiles/cmTC_6396d.dir/src.cxx.o
[2/2] Linking CXX executable cmTC_6396d


Source file was:

#ifdef _MSC_VER
#include <windows.h>
#endif
int main() {
#ifdef _MSC_VER
        volatile LONG val = 1;
        MemoryBarrier();
        InterlockedCompareExchange(&val, 0, 1);
        InterlockedIncrement(&val);
        InterlockedDecrement(&val);
#else
        volatile unsigned long val = 1;
        __sync_synchronize();
        __sync_val_compare_and_swap(&val, 1, 0);
        __sync_add_and_fetch(&val, 1);
        __sync_sub_and_fetch(&val, 1);
#endif
        return 0;
      }

Performing C++ SOURCE FILE Test SUPPORTS_VARIADIC_MACROS_FLAG succeeded with the following output:
Change Dir: /home/project/codasip_urisc_v/work/ia/llvm/build/CMakeFiles/CMakeTmp

Run Build Command(s):/contrib/bin/ninja cmTC_c0422 && [1/2] Building CXX object CMakeFiles/cmTC_c0422.dir/src.cxx.o
[2/2] Linking CXX executable cmTC_c0422


Source file was:
int main() { return 0; }
Performing C++ SOURCE FILE Test HAS_MAYBE_UNINITIALIZED succeeded with the following output:
Change Dir: /home/project/codasip_urisc_v/work/ia/llvm/build/CMakeFiles/CMakeTmp

Run Build Command(s):/contrib/bin/ninja cmTC_970c8 && [1/2] Building CXX object CMakeFiles/cmTC_970c8.dir/src.cxx.o
[2/2] Linking CXX executable cmTC_970c8


Source file was:
int main() { return 0; }
Performing C++ SOURCE FILE Test CXX_SUPPORTS_CUSTOM_LINKER succeeded with the following output:
Change Dir: /home/project/codasip_urisc_v/work/ia/llvm/build/CMakeFiles/CMakeTmp

Run Build Command(s):/contrib/bin/ninja cmTC_62170 && [1/2] Building CXX object CMakeFiles/cmTC_62170.dir/src.cxx.o
[2/2] Linking CXX executable cmTC_62170


Source file was:
int main() { return 0; }
Performing C SOURCE FILE Test C_SUPPORTS_FPIC succeeded with the following output:
Change Dir: /home/project/codasip_urisc_v/work/ia/llvm/build/CMakeFiles/CMakeTmp

Run Build Command(s):/contrib/bin/ninja cmTC_6366d && [1/2] Building C object CMakeFiles/cmTC_6366d.dir/src.c.o
[2/2] Linking C executable cmTC_6366d


Source file was:
int main(void) { return 0; }
Performing C++ SOURCE FILE Test CXX_SUPPORTS_FPIC succeeded with the following output:
Change Dir: /home/project/codasip_urisc_v/work/ia/llvm/build/CMakeFiles/CMakeTmp

Run Build Command(s):/contrib/bin/ninja cmTC_abae2 && [1/2] Building CXX object CMakeFiles/cmTC_abae2.dir/src.cxx.o
[2/2] Linking CXX executable cmTC_abae2


Source file was:
int main() { return 0; }
Performing C++ SOURCE FILE Test SUPPORTS_FVISIBILITY_INLINES_HIDDEN_FLAG succeeded with the following output:
Change Dir: /home/project/codasip_urisc_v/work/ia/llvm/build/CMakeFiles/CMakeTmp

Run Build Command(s):/contrib/bin/ninja cmTC_5bf54 && [1/2] Building CXX object CMakeFiles/cmTC_5bf54.dir/src.cxx.o
[2/2] Linking CXX executable cmTC_5bf54


Source file was:
int main() { return 0; }
Performing C SOURCE FILE Test C_SUPPORTS_WERROR_DATE_TIME succeeded with the following output:
Change Dir: /home/project/codasip_urisc_v/work/ia/llvm/build/CMakeFiles/CMakeTmp

Run Build Command(s):/contrib/bin/ninja cmTC_e2fd1 && [1/2] Building C object CMakeFiles/cmTC_e2fd1.dir/src.c.o
[2/2] Linking C executable cmTC_e2fd1


Source file was:
int main(void) { return 0; }
Performing C++ SOURCE FILE Test CXX_SUPPORTS_WERROR_DATE_TIME succeeded with the following output:
Change Dir: /home/project/codasip_urisc_v/work/ia/llvm/build/CMakeFiles/CMakeTmp

Run Build Command(s):/contrib/bin/ninja cmTC_ac874 && [1/2] Building CXX object CMakeFiles/cmTC_ac874.dir/src.cxx.o
[2/2] Linking CXX executable cmTC_ac874


Source file was:
int main() { return 0; }
Performing C++ SOURCE FILE Test CXX_SUPPORTS_CXX_STD succeeded with the following output:
Change Dir: /home/project/codasip_urisc_v/work/ia/llvm/build/CMakeFiles/CMakeTmp

Run Build Command(s):/contrib/bin/ninja cmTC_6cb1f && [1/2] Building CXX object CMakeFiles/cmTC_6cb1f.dir/src.cxx.o
[2/2] Linking CXX executable cmTC_6cb1f


Source file was:
int main() { return 0; }
Performing C++ SOURCE FILE Test CXX_SUPPORTS_MISSING_FIELD_INITIALIZERS_FLAG succeeded with the following output:
Change Dir: /home/project/codasip_urisc_v/work/ia/llvm/build/CMakeFiles/CMakeTmp

Run Build Command(s):/contrib/bin/ninja cmTC_01acc && [1/2] Building CXX object CMakeFiles/cmTC_01acc.dir/src.cxx.o
[2/2] Linking CXX executable cmTC_01acc


Source file was:
int main() { return 0; }
Performing C SOURCE FILE Test C_SUPPORTS_IMPLICIT_FALLTHROUGH_FLAG succeeded with the following output:
Change Dir: /home/project/codasip_urisc_v/work/ia/llvm/build/CMakeFiles/CMakeTmp

Run Build Command(s):/contrib/bin/ninja cmTC_93dba && [1/2] Building C object CMakeFiles/cmTC_93dba.dir/src.c.o
[2/2] Linking C executable cmTC_93dba


Source file was:
int main(void) { return 0; }
Performing C++ SOURCE FILE Test CXX_SUPPORTS_IMPLICIT_FALLTHROUGH_FLAG succeeded with the following output:
Change Dir: /home/project/codasip_urisc_v/work/ia/llvm/build/CMakeFiles/CMakeTmp

Run Build Command(s):/contrib/bin/ninja cmTC_f08d1 && [1/2] Building CXX object CMakeFiles/cmTC_f08d1.dir/src.cxx.o
[2/2] Linking CXX executable cmTC_f08d1


Source file was:
int main() { return 0; }
Performing C++ SOURCE FILE Test CXX_SUPPORTS_NOEXCEPT_TYPE_FLAG succeeded with the following output:
Change Dir: /home/project/codasip_urisc_v/work/ia/llvm/build/CMakeFiles/CMakeTmp

Run Build Command(s):/contrib/bin/ninja cmTC_8c17e && [1/2] Building CXX object CMakeFiles/cmTC_8c17e.dir/src.cxx.o
[2/2] Linking CXX executable cmTC_8c17e


Source file was:
int main() { return 0; }
Performing C++ SOURCE FILE Test CXX_SUPPORTS_DELETE_NON_VIRTUAL_DTOR_FLAG succeeded with the following output:
Change Dir: /home/project/codasip_urisc_v/work/ia/llvm/build/CMakeFiles/CMakeTmp

Run Build Command(s):/contrib/bin/ninja cmTC_818ef && [1/2] Building CXX object CMakeFiles/cmTC_818ef.dir/src.cxx.o
[2/2] Linking CXX executable cmTC_818ef


Source file was:
int main() { return 0; }
Performing C SOURCE FILE Test C_SUPPORTS_FNO_FUNCTION_SECTIONS succeeded with the following output:
Change Dir: /home/project/codasip_urisc_v/work/ia/llvm/build/CMakeFiles/CMakeTmp

Run Build Command(s):/contrib/bin/ninja cmTC_311ce && [1/2] Building C object CMakeFiles/cmTC_311ce.dir/src.c.o
[2/2] Linking C executable cmTC_311ce


Source file was:
int main(void) { return 0; }
Performing C SOURCE FILE Test C_SUPPORTS_FFUNCTION_SECTIONS succeeded with the following output:
Change Dir: /home/project/codasip_urisc_v/work/ia/llvm/build/CMakeFiles/CMakeTmp

Run Build Command(s):/contrib/bin/ninja cmTC_08a83 && [1/2] Building C object CMakeFiles/cmTC_08a83.dir/src.c.o
[2/2] Linking C executable cmTC_08a83


Source file was:
int main(void) { return 0; }
Performing C++ SOURCE FILE Test CXX_SUPPORTS_FFUNCTION_SECTIONS succeeded with the following output:
Change Dir: /home/project/codasip_urisc_v/work/ia/llvm/build/CMakeFiles/CMakeTmp

Run Build Command(s):/contrib/bin/ninja cmTC_a1b0b && [1/2] Building CXX object CMakeFiles/cmTC_a1b0b.dir/src.cxx.o
[2/2] Linking CXX executable cmTC_a1b0b


Source file was:
int main() { return 0; }
Performing C SOURCE FILE Test C_SUPPORTS_FDATA_SECTIONS succeeded with the following output:
Change Dir: /home/project/codasip_urisc_v/work/ia/llvm/build/CMakeFiles/CMakeTmp

Run Build Command(s):/contrib/bin/ninja cmTC_af2ec && [1/2] Building C object CMakeFiles/cmTC_af2ec.dir/src.c.o
[2/2] Linking C executable cmTC_af2ec


Source file was:
int main(void) { return 0; }
Performing C++ SOURCE FILE Test CXX_SUPPORTS_FDATA_SECTIONS succeeded with the following output:
Change Dir: /home/project/codasip_urisc_v/work/ia/llvm/build/CMakeFiles/CMakeTmp

Run Build Command(s):/contrib/bin/ninja cmTC_79293 && [1/2] Building CXX object CMakeFiles/cmTC_79293.dir/src.cxx.o
[2/2] Linking CXX executable cmTC_79293


Source file was:
int main() { return 0; }
